#! /c/Source/iverilog-install/bin/vvp
:ivl_version "12.0 (devel)" "(s20150603-1539-g2693dd32b)";
:ivl_delay_selection "TYPICAL";
:vpi_time_precision - 12;
:vpi_module "C:\iverilog\lib\ivl\system.vpi";
:vpi_module "C:\iverilog\lib\ivl\vhdl_sys.vpi";
:vpi_module "C:\iverilog\lib\ivl\vhdl_textio.vpi";
:vpi_module "C:\iverilog\lib\ivl\v2005_math.vpi";
:vpi_module "C:\iverilog\lib\ivl\va_math.vpi";
S_000002e6e7e79fd0 .scope module, "tb_d_ff" "tb_d_ff" 2 2;
 .timescale -9 -12;
v000002e6e7e764f0_0 .var "clk", 0 0;
v000002e6e7e76590_0 .var "d", 0 0;
v000002e6e7e76630_0 .var "en", 0 0;
v000002e6e7e766d0_0 .net "q", 0 0, v000002e6e7e7bcd0_0;  1 drivers
v000002e6e7e76770_0 .var "rst_n", 0 0;
S_000002e6e7e7a160 .scope module, "uut" "d_ff_with_enable" 2 5, 3 1 0, S_000002e6e7e79fd0;
 .timescale -9 -12;
    .port_info 0 /INPUT 1 "clk";
    .port_info 1 /INPUT 1 "rst_n";
    .port_info 2 /INPUT 1 "en";
    .port_info 3 /INPUT 1 "d";
    .port_info 4 /OUTPUT 1 "q";
v000002e6e7e76a60_0 .net "clk", 0 0, v000002e6e7e764f0_0;  1 drivers
v000002e6e7e76d40_0 .net "d", 0 0, v000002e6e7e76590_0;  1 drivers
v000002e6e7e7a2f0_0 .net "en", 0 0, v000002e6e7e76630_0;  1 drivers
v000002e6e7e7bcd0_0 .var "q", 0 0;
v000002e6e7e7bd70_0 .net "rst_n", 0 0, v000002e6e7e76770_0;  1 drivers
E_000002e6e7e78380/0 .event negedge, v000002e6e7e7bd70_0;
E_000002e6e7e78380/1 .event posedge, v000002e6e7e76a60_0;
E_000002e6e7e78380 .event/or E_000002e6e7e78380/0, E_000002e6e7e78380/1;
    .scope S_000002e6e7e7a160;
T_0 ;
    %wait E_000002e6e7e78380;
    %load/vec4 v000002e6e7e7bd70_0;
    %nor/r;
    %flag_set/vec4 8;
    %jmp/0xz  T_0.0, 8;
    %pushi/vec4 0, 0, 1;
    %assign/vec4 v000002e6e7e7bcd0_0, 0;
    %jmp T_0.1;
T_0.0 ;
    %load/vec4 v000002e6e7e7a2f0_0;
    %flag_set/vec4 8;
    %jmp/0xz  T_0.2, 8;
    %load/vec4 v000002e6e7e76d40_0;
    %assign/vec4 v000002e6e7e7bcd0_0, 0;
T_0.2 ;
T_0.1 ;
    %jmp T_0;
    .thread T_0;
    .scope S_000002e6e7e79fd0;
T_1 ;
    %delay 5000, 0;
    %load/vec4 v000002e6e7e764f0_0;
    %inv;
    %store/vec4 v000002e6e7e764f0_0, 0, 1;
    %jmp T_1;
    .thread T_1;
    .scope S_000002e6e7e79fd0;
T_2 ;
    %vpi_call 2 8 "$monitor", "clk=%b rst_n=%b en=%b d=%b q=%b", v000002e6e7e764f0_0, v000002e6e7e76770_0, v000002e6e7e76630_0, v000002e6e7e76590_0, v000002e6e7e766d0_0 {0 0 0};
    %pushi/vec4 0, 0, 1;
    %store/vec4 v000002e6e7e764f0_0, 0, 1;
    %pushi/vec4 0, 0, 1;
    %store/vec4 v000002e6e7e76770_0, 0, 1;
    %pushi/vec4 0, 0, 1;
    %store/vec4 v000002e6e7e76630_0, 0, 1;
    %pushi/vec4 0, 0, 1;
    %store/vec4 v000002e6e7e76590_0, 0, 1;
    %delay 10000, 0;
    %pushi/vec4 1, 0, 1;
    %store/vec4 v000002e6e7e76770_0, 0, 1;
    %pushi/vec4 1, 0, 1;
    %store/vec4 v000002e6e7e76630_0, 0, 1;
    %pushi/vec4 1, 0, 1;
    %store/vec4 v000002e6e7e76590_0, 0, 1;
    %delay 10000, 0;
    %pushi/vec4 0, 0, 1;
    %store/vec4 v000002e6e7e76590_0, 0, 1;
    %delay 10000, 0;
    %pushi/vec4 0, 0, 1;
    %store/vec4 v000002e6e7e76630_0, 0, 1;
    %pushi/vec4 1, 0, 1;
    %store/vec4 v000002e6e7e76590_0, 0, 1;
    %delay 10000, 0;
    %pushi/vec4 1, 0, 1;
    %store/vec4 v000002e6e7e76630_0, 0, 1;
    %delay 10000, 0;
    %pushi/vec4 0, 0, 1;
    %store/vec4 v000002e6e7e76770_0, 0, 1;
    %delay 10000, 0;
    %pushi/vec4 1, 0, 1;
    %store/vec4 v000002e6e7e76770_0, 0, 1;
    %delay 10000, 0;
    %vpi_call 2 18 "$finish" {0 0 0};
    %end;
    .thread T_2;
# The file index is used to find the file name in the following table.
:file_names 4;
    "N/A";
    "<interactive>";
    "dff_tb.v";
    "dff_db.v";
