#! /c/Source/iverilog-install/bin/vvp
:ivl_version "12.0 (devel)" "(s20150603-1539-g2693dd32b)";
:ivl_delay_selection "TYPICAL";
:vpi_time_precision - 12;
:vpi_module "C:\iverilog\lib\ivl\system.vpi";
:vpi_module "C:\iverilog\lib\ivl\vhdl_sys.vpi";
:vpi_module "C:\iverilog\lib\ivl\vhdl_textio.vpi";
:vpi_module "C:\iverilog\lib\ivl\v2005_math.vpi";
:vpi_module "C:\iverilog\lib\ivl\va_math.vpi";
S_000002a183e361c0 .scope module, "tb_d_latch" "tb_d_latch" 2 2;
 .timescale -9 -12;
v000002a183e36580_0 .var "d", 0 0;
v000002a183debbe0_0 .var "en", 0 0;
v000002a183debc80_0 .net "q", 0 0, v000002a183e364e0_0;  1 drivers
S_000002a183e36350 .scope module, "uut" "d_latch" 2 5, 3 1 0, S_000002a183e361c0;
 .timescale -9 -12;
    .port_info 0 /INPUT 1 "en";
    .port_info 1 /INPUT 1 "d";
    .port_info 2 /OUTPUT 1 "q";
v000002a183de80b0_0 .net "d", 0 0, v000002a183e36580_0;  1 drivers
v000002a183de6800_0 .net "en", 0 0, v000002a183debbe0_0;  1 drivers
v000002a183e364e0_0 .var "q", 0 0;
E_000002a183decbf0 .event anyedge, v000002a183de6800_0, v000002a183de80b0_0;
    .scope S_000002a183e36350;
T_0 ;
    %wait E_000002a183decbf0;
    %load/vec4 v000002a183de6800_0;
    %flag_set/vec4 8;
    %jmp/0xz  T_0.0, 8;
    %load/vec4 v000002a183de80b0_0;
    %store/vec4 v000002a183e364e0_0, 0, 1;
T_0.0 ;
    %jmp T_0;
    .thread T_0, $push;
    .scope S_000002a183e361c0;
T_1 ;
    %vpi_call 2 7 "$monitor", "en=%b d=%b q=%b", v000002a183debbe0_0, v000002a183e36580_0, v000002a183debc80_0 {0 0 0};
    %pushi/vec4 0, 0, 1;
    %store/vec4 v000002a183debbe0_0, 0, 1;
    %pushi/vec4 0, 0, 1;
    %store/vec4 v000002a183e36580_0, 0, 1;
    %delay 10000, 0;
    %pushi/vec4 1, 0, 1;
    %store/vec4 v000002a183e36580_0, 0, 1;
    %pushi/vec4 1, 0, 1;
    %store/vec4 v000002a183debbe0_0, 0, 1;
    %delay 10000, 0;
    %pushi/vec4 0, 0, 1;
    %store/vec4 v000002a183e36580_0, 0, 1;
    %delay 10000, 0;
    %pushi/vec4 0, 0, 1;
    %store/vec4 v000002a183debbe0_0, 0, 1;
    %pushi/vec4 1, 0, 1;
    %store/vec4 v000002a183e36580_0, 0, 1;
    %delay 10000, 0;
    %vpi_call 2 13 "$finish" {0 0 0};
    %end;
    .thread T_1;
# The file index is used to find the file name in the following table.
:file_names 4;
    "N/A";
    "<interactive>";
    "dlatch_tb.v";
    "dlatch_db.v";
