#! /c/Source/iverilog-install/bin/vvp
:ivl_version "12.0 (devel)" "(s20150603-1539-g2693dd32b)";
:ivl_delay_selection "TYPICAL";
:vpi_time_precision - 12;
:vpi_module "C:\iverilog\lib\ivl\system.vpi";
:vpi_module "C:\iverilog\lib\ivl\vhdl_sys.vpi";
:vpi_module "C:\iverilog\lib\ivl\vhdl_textio.vpi";
:vpi_module "C:\iverilog\lib\ivl\v2005_math.vpi";
:vpi_module "C:\iverilog\lib\ivl\va_math.vpi";
S_0000025aa893a690 .scope module, "tb_jk_ff" "tb_jk_ff" 2 2;
 .timescale -9 -12;
v0000025aa8936540_0 .var "clk", 0 0;
v0000025aa89365e0_0 .var "j", 0 0;
v0000025aa8936680_0 .var "k", 0 0;
v0000025aa8936720_0 .net "q", 0 0, v0000025aa8936400_0;  1 drivers
v0000025aa89367c0_0 .var "rst_n", 0 0;
S_0000025aa893a820 .scope module, "uut" "jk_ff" 2 5, 3 1 0, S_0000025aa893a690;
 .timescale -9 -12;
    .port_info 0 /INPUT 1 "clk";
    .port_info 1 /INPUT 1 "rst_n";
    .port_info 2 /INPUT 1 "j";
    .port_info 3 /INPUT 1 "k";
    .port_info 4 /OUTPUT 1 "q";
v0000025aa8936990_0 .net "clk", 0 0, v0000025aa8936540_0;  1 drivers
v0000025aa8936c70_0 .net "j", 0 0, v0000025aa89365e0_0;  1 drivers
v0000025aa893a9b0_0 .net "k", 0 0, v0000025aa8936680_0;  1 drivers
v0000025aa8936400_0 .var "q", 0 0;
v0000025aa89364a0_0 .net "rst_n", 0 0, v0000025aa89367c0_0;  1 drivers
E_0000025aa8989350/0 .event negedge, v0000025aa89364a0_0;
E_0000025aa8989350/1 .event posedge, v0000025aa8936990_0;
E_0000025aa8989350 .event/or E_0000025aa8989350/0, E_0000025aa8989350/1;
    .scope S_0000025aa893a820;
T_0 ;
    %wait E_0000025aa8989350;
    %load/vec4 v0000025aa89364a0_0;
    %nor/r;
    %flag_set/vec4 8;
    %jmp/0xz  T_0.0, 8;
    %pushi/vec4 0, 0, 1;
    %assign/vec4 v0000025aa8936400_0, 0;
    %jmp T_0.1;
T_0.0 ;
    %load/vec4 v0000025aa8936c70_0;
    %load/vec4 v0000025aa893a9b0_0;
    %concat/vec4; draw_concat_vec4
    %dup/vec4;
    %pushi/vec4 0, 0, 2;
    %cmp/u;
    %jmp/1 T_0.2, 6;
    %dup/vec4;
    %pushi/vec4 1, 0, 2;
    %cmp/u;
    %jmp/1 T_0.3, 6;
    %dup/vec4;
    %pushi/vec4 2, 0, 2;
    %cmp/u;
    %jmp/1 T_0.4, 6;
    %dup/vec4;
    %pushi/vec4 3, 0, 2;
    %cmp/u;
    %jmp/1 T_0.5, 6;
    %jmp T_0.6;
T_0.2 ;
    %load/vec4 v0000025aa8936400_0;
    %assign/vec4 v0000025aa8936400_0, 0;
    %jmp T_0.6;
T_0.3 ;
    %pushi/vec4 0, 0, 1;
    %assign/vec4 v0000025aa8936400_0, 0;
    %jmp T_0.6;
T_0.4 ;
    %pushi/vec4 1, 0, 1;
    %assign/vec4 v0000025aa8936400_0, 0;
    %jmp T_0.6;
T_0.5 ;
    %load/vec4 v0000025aa8936400_0;
    %inv;
    %assign/vec4 v0000025aa8936400_0, 0;
    %jmp T_0.6;
T_0.6 ;
    %pop/vec4 1;
T_0.1 ;
    %jmp T_0;
    .thread T_0;
    .scope S_0000025aa893a690;
T_1 ;
    %delay 5000, 0;
    %load/vec4 v0000025aa8936540_0;
    %inv;
    %store/vec4 v0000025aa8936540_0, 0, 1;
    %jmp T_1;
    .thread T_1;
    .scope S_0000025aa893a690;
T_2 ;
    %vpi_call 2 8 "$monitor", "clk=%b rst_n=%b j=%b k=%b q=%b", v0000025aa8936540_0, v0000025aa89367c0_0, v0000025aa89365e0_0, v0000025aa8936680_0, v0000025aa8936720_0 {0 0 0};
    %pushi/vec4 0, 0, 1;
    %store/vec4 v0000025aa8936540_0, 0, 1;
    %pushi/vec4 0, 0, 1;
    %store/vec4 v0000025aa89367c0_0, 0, 1;
    %pushi/vec4 0, 0, 1;
    %store/vec4 v0000025aa89365e0_0, 0, 1;
    %pushi/vec4 0, 0, 1;
    %store/vec4 v0000025aa8936680_0, 0, 1;
    %delay 10000, 0;
    %pushi/vec4 1, 0, 1;
    %store/vec4 v0000025aa89367c0_0, 0, 1;
    %pushi/vec4 0, 0, 1;
    %store/vec4 v0000025aa89365e0_0, 0, 1;
    %pushi/vec4 0, 0, 1;
    %store/vec4 v0000025aa8936680_0, 0, 1;
    %delay 10000, 0;
    %pushi/vec4 0, 0, 1;
    %store/vec4 v0000025aa89365e0_0, 0, 1;
    %pushi/vec4 1, 0, 1;
    %store/vec4 v0000025aa8936680_0, 0, 1;
    %delay 10000, 0;
    %pushi/vec4 1, 0, 1;
    %store/vec4 v0000025aa89365e0_0, 0, 1;
    %pushi/vec4 0, 0, 1;
    %store/vec4 v0000025aa8936680_0, 0, 1;
    %delay 10000, 0;
    %pushi/vec4 1, 0, 1;
    %store/vec4 v0000025aa89365e0_0, 0, 1;
    %pushi/vec4 1, 0, 1;
    %store/vec4 v0000025aa8936680_0, 0, 1;
    %delay 20000, 0;
    %vpi_call 2 16 "$finish" {0 0 0};
    %end;
    .thread T_2;
# The file index is used to find the file name in the following table.
:file_names 4;
    "N/A";
    "<interactive>";
    "jkff_tb.v";
    "jkff_db.v";
