#! /c/Source/iverilog-install/bin/vvp
:ivl_version "12.0 (devel)" "(s20150603-1539-g2693dd32b)";
:ivl_delay_selection "TYPICAL";
:vpi_time_precision - 12;
:vpi_module "C:\iverilog\lib\ivl\system.vpi";
:vpi_module "C:\iverilog\lib\ivl\vhdl_sys.vpi";
:vpi_module "C:\iverilog\lib\ivl\vhdl_textio.vpi";
:vpi_module "C:\iverilog\lib\ivl\v2005_math.vpi";
:vpi_module "C:\iverilog\lib\ivl\va_math.vpi";
S_0000020fe04b9160 .scope module, "tb_and_gate" "tb_and_gate" 2 2;
 .timescale -9 -12;
v0000020fe04bbc80_0 .var "a", 0 0;
v0000020fe04bcf40_0 .var "b", 0 0;
v0000020fe04bcfe0_0 .net "y", 0 0, L_0000020fe04bbd20;  1 drivers
S_0000020fe04bcdb0 .scope module, "dut" "and_gate" 2 5, 3 1 0, S_0000020fe04b9160;
 .timescale -9 -12;
    .port_info 0 /INPUT 1 "a";
    .port_info 1 /INPUT 1 "b";
    .port_info 2 /OUTPUT 1 "y";
L_0000020fe04bbd20 .functor AND 1, v0000020fe04bbc80_0, v0000020fe04bcf40_0, C4<1>, C4<1>;
v0000020fe04bef20_0 .net "a", 0 0, v0000020fe04bbc80_0;  1 drivers
v0000020fe04b6870_0 .net "b", 0 0, v0000020fe04bcf40_0;  1 drivers
v0000020fe04bbbe0_0 .net "y", 0 0, L_0000020fe04bbd20;  alias, 1 drivers
    .scope S_0000020fe04b9160;
T_0 ;
    %pushi/vec4 0, 0, 1;
    %store/vec4 v0000020fe04bbc80_0, 0, 1;
    %pushi/vec4 0, 0, 1;
    %store/vec4 v0000020fe04bcf40_0, 0, 1;
    %delay 1000, 0;
    %vpi_call 2 8 "$display", "a=%b b=%b | y=%b", v0000020fe04bbc80_0, v0000020fe04bcf40_0, v0000020fe04bcfe0_0 {0 0 0};
    %pushi/vec4 0, 0, 1;
    %store/vec4 v0000020fe04bbc80_0, 0, 1;
    %pushi/vec4 1, 0, 1;
    %store/vec4 v0000020fe04bcf40_0, 0, 1;
    %delay 1000, 0;
    %vpi_call 2 10 "$display", "a=%b b=%b | y=%b", v0000020fe04bbc80_0, v0000020fe04bcf40_0, v0000020fe04bcfe0_0 {0 0 0};
    %pushi/vec4 1, 0, 1;
    %store/vec4 v0000020fe04bbc80_0, 0, 1;
    %pushi/vec4 0, 0, 1;
    %store/vec4 v0000020fe04bcf40_0, 0, 1;
    %delay 1000, 0;
    %vpi_call 2 12 "$display", "a=%b b=%b | y=%b", v0000020fe04bbc80_0, v0000020fe04bcf40_0, v0000020fe04bcfe0_0 {0 0 0};
    %pushi/vec4 1, 0, 1;
    %store/vec4 v0000020fe04bbc80_0, 0, 1;
    %pushi/vec4 1, 0, 1;
    %store/vec4 v0000020fe04bcf40_0, 0, 1;
    %delay 1000, 0;
    %vpi_call 2 14 "$display", "a=%b b=%b | y=%b", v0000020fe04bbc80_0, v0000020fe04bcf40_0, v0000020fe04bcfe0_0 {0 0 0};
    %delay 10000, 0;
    %vpi_call 2 15 "$finish" {0 0 0};
    %end;
    .thread T_0;
# The file index is used to find the file name in the following table.
:file_names 4;
    "N/A";
    "<interactive>";
    "and_tb.v";
    "and_db.v";
