#! /c/Source/iverilog-install/bin/vvp
:ivl_version "12.0 (devel)" "(s20150603-1539-g2693dd32b)";
:ivl_delay_selection "TYPICAL";
:vpi_time_precision - 12;
:vpi_module "C:\iverilog\lib\ivl\system.vpi";
:vpi_module "C:\iverilog\lib\ivl\vhdl_sys.vpi";
:vpi_module "C:\iverilog\lib\ivl\vhdl_textio.vpi";
:vpi_module "C:\iverilog\lib\ivl\v2005_math.vpi";
:vpi_module "C:\iverilog\lib\ivl\va_math.vpi";
S_000002159aaf79c0 .scope module, "logic_gates_tb" "logic_gates_tb" 2 2;
 .timescale -9 -12;
v000002159ab565a0_0 .var "a", 0 0;
v000002159ab56960_0 .net "and_out", 0 0, L_000002159aab69c0;  1 drivers
v000002159ab56280_0 .var "b", 0 0;
v000002159ab568c0_0 .net "nand_out", 0 0, L_000002159ab03ec0;  1 drivers
v000002159ab56780_0 .net "nor_out", 0 0, L_000002159ab03ad0;  1 drivers
v000002159ab56f00_0 .net "not_out", 0 0, L_000002159aab7060;  1 drivers
v000002159ab56640_0 .net "or_out", 0 0, L_000002159aab6e00;  1 drivers
v000002159ab56c80_0 .net "xnor_out", 0 0, L_000002159ab03f30;  1 drivers
v000002159ab56820_0 .net "xor_out", 0 0, L_000002159ab039f0;  1 drivers
S_000002159aaf7b50 .scope module, "dut" "logic_gates_db" 2 5, 3 1 0, S_000002159aaf79c0;
 .timescale 0 0;
    .port_info 0 /INPUT 1 "a";
    .port_info 1 /INPUT 1 "b";
    .port_info 2 /OUTPUT 1 "not_out";
    .port_info 3 /OUTPUT 1 "and_out";
    .port_info 4 /OUTPUT 1 "or_out";
    .port_info 5 /OUTPUT 1 "nor_out";
    .port_info 6 /OUTPUT 1 "nand_out";
    .port_info 7 /OUTPUT 1 "xor_out";
    .port_info 8 /OUTPUT 1 "xnor_out";
L_000002159aab69c0 .functor NOT 1, v000002159ab565a0_0, C4<0>, C4<0>, C4<0>;
L_000002159aab6e00 .functor AND 1, v000002159ab565a0_0, v000002159ab56280_0, C4<1>, C4<1>;
L_000002159aab7060 .functor OR 1, v000002159ab565a0_0, v000002159ab56280_0, C4<0>, C4<0>;
L_000002159ab06b70 .functor OR 1, v000002159ab565a0_0, v000002159ab56280_0, C4<0>, C4<0>;
L_000002159ab03ec0 .functor NOT 1, L_000002159ab06b70, C4<0>, C4<0>, C4<0>;
L_000002159ab038a0 .functor AND 1, v000002159ab565a0_0, v000002159ab56280_0, C4<1>, C4<1>;
L_000002159ab03ad0 .functor NOT 1, L_000002159ab038a0, C4<0>, C4<0>, C4<0>;
L_000002159ab039f0 .functor XOR 1, v000002159ab565a0_0, v000002159ab56280_0, C4<0>, C4<0>;
L_000002159ab03d00 .functor XOR 1, v000002159ab565a0_0, v000002159ab56280_0, C4<0>, C4<0>;
L_000002159ab03f30 .functor NOT 1, L_000002159ab03d00, C4<0>, C4<0>, C4<0>;
v000002159ab068f0_0 .net *"_ivl_10", 0 0, L_000002159ab038a0;  1 drivers
v000002159aab6760_0 .net *"_ivl_16", 0 0, L_000002159ab03d00;  1 drivers
v000002159ab06990_0 .net *"_ivl_6", 0 0, L_000002159ab06b70;  1 drivers
v000002159ab06a30_0 .net "a", 0 0, v000002159ab565a0_0;  1 drivers
v000002159ab06ad0_0 .net "and_out", 0 0, L_000002159aab6e00;  alias, 1 drivers
v000002159ab56140_0 .net "b", 0 0, v000002159ab56280_0;  1 drivers
v000002159ab563c0_0 .net "nand_out", 0 0, L_000002159ab03ad0;  alias, 1 drivers
v000002159ab56aa0_0 .net "nor_out", 0 0, L_000002159ab03ec0;  alias, 1 drivers
v000002159ab56460_0 .net "not_out", 0 0, L_000002159aab69c0;  alias, 1 drivers
v000002159ab56500_0 .net "or_out", 0 0, L_000002159aab7060;  alias, 1 drivers
v000002159ab561e0_0 .net "xnor_out", 0 0, L_000002159ab03f30;  alias, 1 drivers
v000002159ab566e0_0 .net "xor_out", 0 0, L_000002159ab039f0;  alias, 1 drivers
    .scope S_000002159aaf79c0;
T_0 ;
    %vpi_call 2 7 "$display", "A B|AND OR NOT_A NAND NOR XOR XNOR" {0 0 0};
    %delay 10000, 0;
    %pushi/vec4 0, 0, 1;
    %store/vec4 v000002159ab565a0_0, 0, 1;
    %pushi/vec4 0, 0, 1;
    %store/vec4 v000002159ab56280_0, 0, 1;
    %vpi_call 2 9 "$display", "%b %b | %b %b %b %b %b %b %b", v000002159ab565a0_0, v000002159ab56280_0, v000002159ab56960_0, v000002159ab56640_0, v000002159ab56f00_0, v000002159ab568c0_0, v000002159ab56780_0, v000002159ab56820_0, v000002159ab56c80_0 {0 0 0};
    %delay 10000, 0;
    %pushi/vec4 0, 0, 1;
    %store/vec4 v000002159ab565a0_0, 0, 1;
    %pushi/vec4 1, 0, 1;
    %store/vec4 v000002159ab56280_0, 0, 1;
    %vpi_call 2 11 "$display", "%b %b | %b %b %b %b %b %b %b", v000002159ab565a0_0, v000002159ab56280_0, v000002159ab56960_0, v000002159ab56640_0, v000002159ab56f00_0, v000002159ab568c0_0, v000002159ab56780_0, v000002159ab56820_0, v000002159ab56c80_0 {0 0 0};
    %delay 10000, 0;
    %pushi/vec4 1, 0, 1;
    %store/vec4 v000002159ab565a0_0, 0, 1;
    %pushi/vec4 0, 0, 1;
    %store/vec4 v000002159ab56280_0, 0, 1;
    %vpi_call 2 13 "$display", "%b %b | %b %b %b %b %b %b %b", v000002159ab565a0_0, v000002159ab56280_0, v000002159ab56960_0, v000002159ab56640_0, v000002159ab56f00_0, v000002159ab568c0_0, v000002159ab56780_0, v000002159ab56820_0, v000002159ab56c80_0 {0 0 0};
    %delay 10000, 0;
    %pushi/vec4 1, 0, 1;
    %store/vec4 v000002159ab565a0_0, 0, 1;
    %pushi/vec4 1, 0, 1;
    %store/vec4 v000002159ab56280_0, 0, 1;
    %vpi_call 2 15 "$display", "%b %b | %b %b %b %b %b %b %b", v000002159ab565a0_0, v000002159ab56280_0, v000002159ab56960_0, v000002159ab56640_0, v000002159ab56f00_0, v000002159ab568c0_0, v000002159ab56780_0, v000002159ab56820_0, v000002159ab56c80_0 {0 0 0};
    %delay 10000, 0;
    %vpi_call 2 16 "$finish" {0 0 0};
    %end;
    .thread T_0;
# The file index is used to find the file name in the following table.
:file_names 4;
    "N/A";
    "<interactive>";
    "logic_gates_tb.v";
    "logic_gates_db.v";
