#! /c/Source/iverilog-install/bin/vvp
:ivl_version "12.0 (devel)" "(s20150603-1539-g2693dd32b)";
:ivl_delay_selection "TYPICAL";
:vpi_time_precision - 12;
:vpi_module "C:\iverilog\lib\ivl\system.vpi";
:vpi_module "C:\iverilog\lib\ivl\vhdl_sys.vpi";
:vpi_module "C:\iverilog\lib\ivl\vhdl_textio.vpi";
:vpi_module "C:\iverilog\lib\ivl\v2005_math.vpi";
:vpi_module "C:\iverilog\lib\ivl\va_math.vpi";
S_000001b5149f92e0 .scope module, "tb_not_gate" "tb_not_gate" 2 2;
 .timescale -9 -12;
v000001b514a45dc0_0 .var "a", 0 0;
v000001b514a45e60_0 .net "y", 0 0, L_000001b5149f6b20;  1 drivers
S_000001b514a45b90 .scope module, "uut" "not_gate" 2 5, 3 1 0, S_000001b5149f92e0;
 .timescale -9 -12;
    .port_info 0 /INPUT 1 "a";
    .port_info 1 /OUTPUT 1 "y";
L_000001b5149f6b20 .functor NOT 1, v000001b514a45dc0_0, C4<0>, C4<0>, C4<0>;
v000001b514a45d20_0 .net "a", 0 0, v000001b514a45dc0_0;  1 drivers
v000001b5149f6870_0 .net "y", 0 0, L_000001b5149f6b20;  alias, 1 drivers
    .scope S_000001b5149f92e0;
T_0 ;
    %vpi_call 2 7 "$monitor", v000001b514a45dc0_0, v000001b514a45e60_0 {0 0 0};
    %delay 10000, 0;
    %pushi/vec4 0, 0, 1;
    %store/vec4 v000001b514a45dc0_0, 0, 1;
    %delay 10000, 0;
    %pushi/vec4 1, 0, 1;
    %store/vec4 v000001b514a45dc0_0, 0, 1;
    %delay 10000, 0;
    %vpi_call 2 10 "$finish" {0 0 0};
    %end;
    .thread T_0;
# The file index is used to find the file name in the following table.
:file_names 4;
    "N/A";
    "<interactive>";
    "not_tb.v";
    "not_db.v";
