#! /c/Source/iverilog-install/bin/vvp
:ivl_version "12.0 (devel)" "(s20150603-1539-g2693dd32b)";
:ivl_delay_selection "TYPICAL";
:vpi_time_precision - 12;
:vpi_module "C:\iverilog\lib\ivl\system.vpi";
:vpi_module "C:\iverilog\lib\ivl\vhdl_sys.vpi";
:vpi_module "C:\iverilog\lib\ivl\vhdl_textio.vpi";
:vpi_module "C:\iverilog\lib\ivl\v2005_math.vpi";
:vpi_module "C:\iverilog\lib\ivl\va_math.vpi";
S_000001c3fa7fdb90 .scope module, "tb_seq_detector_1011" "tb_seq_detector_1011" 2 2;
 .timescale -9 -12;
v000001c3fa7f66a0_0 .var "clk", 0 0;
v000001c3fa7f6740_0 .var "data_in", 0 0;
v000001c3fa7fb700_0 .net "detected", 0 0, v000001c3fa7f64c0_0;  1 drivers
v000001c3fa7fb7a0_0 .var "rst_n", 0 0;
S_000001c3fa7fdd20 .scope module, "uut" "seq_detector_1011" 2 5, 3 1 0, S_000001c3fa7fdb90;
 .timescale -9 -12;
    .port_info 0 /INPUT 1 "clk";
    .port_info 1 /INPUT 1 "rst_n";
    .port_info 2 /INPUT 1 "data_in";
    .port_info 3 /OUTPUT 1 "detected";
P_000001c3fa7f63d0 .param/l "IDLE" 0 3 6, C4<000>;
P_000001c3fa7f6408 .param/l "S1" 0 3 7, C4<001>;
P_000001c3fa7f6440 .param/l "S10" 0 3 8, C4<010>;
P_000001c3fa7f6478 .param/l "S101" 0 3 9, C4<011>;
v000001c3fa7f6c00_0 .net "clk", 0 0, v000001c3fa7f66a0_0;  1 drivers
v000001c3fa7fb160_0 .net "data_in", 0 0, v000001c3fa7f6740_0;  1 drivers
v000001c3fa7f64c0_0 .var "detected", 0 0;
v000001c3fa7f6560_0 .net "rst_n", 0 0, v000001c3fa7fb7a0_0;  1 drivers
v000001c3fa7f6600_0 .var "state", 2 0;
E_000001c3fa8b8c10/0 .event negedge, v000001c3fa7f6560_0;
E_000001c3fa8b8c10/1 .event posedge, v000001c3fa7f6c00_0;
E_000001c3fa8b8c10 .event/or E_000001c3fa8b8c10/0, E_000001c3fa8b8c10/1;
    .scope S_000001c3fa7fdd20;
T_0 ;
    %wait E_000001c3fa8b8c10;
    %load/vec4 v000001c3fa7f6560_0;
    %nor/r;
    %flag_set/vec4 8;
    %jmp/0xz  T_0.0, 8;
    %pushi/vec4 0, 0, 3;
    %assign/vec4 v000001c3fa7f6600_0, 0;
    %pushi/vec4 0, 0, 1;
    %assign/vec4 v000001c3fa7f64c0_0, 0;
    %jmp T_0.1;
T_0.0 ;
    %pushi/vec4 0, 0, 1;
    %assign/vec4 v000001c3fa7f64c0_0, 0;
    %load/vec4 v000001c3fa7f6600_0;
    %dup/vec4;
    %pushi/vec4 0, 0, 3;
    %cmp/u;
    %jmp/1 T_0.2, 6;
    %dup/vec4;
    %pushi/vec4 1, 0, 3;
    %cmp/u;
    %jmp/1 T_0.3, 6;
    %dup/vec4;
    %pushi/vec4 2, 0, 3;
    %cmp/u;
    %jmp/1 T_0.4, 6;
    %dup/vec4;
    %pushi/vec4 3, 0, 3;
    %cmp/u;
    %jmp/1 T_0.5, 6;
    %jmp T_0.6;
T_0.2 ;
    %load/vec4 v000001c3fa7fb160_0;
    %flag_set/vec4 8;
    %jmp/0xz  T_0.7, 8;
    %pushi/vec4 1, 0, 3;
    %assign/vec4 v000001c3fa7f6600_0, 0;
T_0.7 ;
    %jmp T_0.6;
T_0.3 ;
    %load/vec4 v000001c3fa7fb160_0;
    %nor/r;
    %flag_set/vec4 8;
    %jmp/0xz  T_0.9, 8;
    %pushi/vec4 2, 0, 3;
    %assign/vec4 v000001c3fa7f6600_0, 0;
    %jmp T_0.10;
T_0.9 ;
    %pushi/vec4 1, 0, 3;
    %assign/vec4 v000001c3fa7f6600_0, 0;
T_0.10 ;
    %jmp T_0.6;
T_0.4 ;
    %load/vec4 v000001c3fa7fb160_0;
    %flag_set/vec4 8;
    %jmp/0xz  T_0.11, 8;
    %pushi/vec4 3, 0, 3;
    %assign/vec4 v000001c3fa7f6600_0, 0;
    %jmp T_0.12;
T_0.11 ;
    %pushi/vec4 0, 0, 3;
    %assign/vec4 v000001c3fa7f6600_0, 0;
T_0.12 ;
    %jmp T_0.6;
T_0.5 ;
    %load/vec4 v000001c3fa7fb160_0;
    %flag_set/vec4 8;
    %jmp/0xz  T_0.13, 8;
    %pushi/vec4 1, 0, 1;
    %assign/vec4 v000001c3fa7f64c0_0, 0;
    %pushi/vec4 0, 0, 3;
    %assign/vec4 v000001c3fa7f6600_0, 0;
    %jmp T_0.14;
T_0.13 ;
    %pushi/vec4 2, 0, 3;
    %assign/vec4 v000001c3fa7f6600_0, 0;
T_0.14 ;
    %jmp T_0.6;
T_0.6 ;
    %pop/vec4 1;
T_0.1 ;
    %jmp T_0;
    .thread T_0;
    .scope S_000001c3fa7fdb90;
T_1 ;
    %delay 5000, 0;
    %load/vec4 v000001c3fa7f66a0_0;
    %inv;
    %store/vec4 v000001c3fa7f66a0_0, 0, 1;
    %jmp T_1;
    .thread T_1;
    .scope S_000001c3fa7fdb90;
T_2 ;
    %vpi_call 2 8 "$monitor", "clk=%b rst_n=%b data_in=%b detected=%b", v000001c3fa7f66a0_0, v000001c3fa7fb7a0_0, v000001c3fa7f6740_0, v000001c3fa7fb700_0 {0 0 0};
    %pushi/vec4 0, 0, 1;
    %store/vec4 v000001c3fa7f66a0_0, 0, 1;
    %pushi/vec4 0, 0, 1;
    %store/vec4 v000001c3fa7fb7a0_0, 0, 1;
    %pushi/vec4 0, 0, 1;
    %store/vec4 v000001c3fa7f6740_0, 0, 1;
    %delay 10000, 0;
    %pushi/vec4 1, 0, 1;
    %store/vec4 v000001c3fa7fb7a0_0, 0, 1;
    %pushi/vec4 1, 0, 1;
    %store/vec4 v000001c3fa7f6740_0, 0, 1;
    %delay 10000, 0;
    %pushi/vec4 0, 0, 1;
    %store/vec4 v000001c3fa7f6740_0, 0, 1;
    %delay 10000, 0;
    %pushi/vec4 1, 0, 1;
    %store/vec4 v000001c3fa7f6740_0, 0, 1;
    %delay 10000, 0;
    %pushi/vec4 1, 0, 1;
    %store/vec4 v000001c3fa7f6740_0, 0, 1;
    %delay 10000, 0;
    %pushi/vec4 1, 0, 1;
    %store/vec4 v000001c3fa7f6740_0, 0, 1;
    %delay 10000, 0;
    %pushi/vec4 0, 0, 1;
    %store/vec4 v000001c3fa7f6740_0, 0, 1;
    %delay 10000, 0;
    %pushi/vec4 1, 0, 1;
    %store/vec4 v000001c3fa7f6740_0, 0, 1;
    %delay 10000, 0;
    %pushi/vec4 1, 0, 1;
    %store/vec4 v000001c3fa7f6740_0, 0, 1;
    %delay 10000, 0;
    %vpi_call 2 23 "$finish" {0 0 0};
    %end;
    .thread T_2;
# The file index is used to find the file name in the following table.
:file_names 4;
    "N/A";
    "<interactive>";
    "sequence_detector_nonoverlapping_tb.v";
    "sequence_detector_nonoverlapping_db.v";
