#! /c/Source/iverilog-install/bin/vvp
:ivl_version "12.0 (devel)" "(s20150603-1539-g2693dd32b)";
:ivl_delay_selection "TYPICAL";
:vpi_time_precision + 0;
:vpi_module "C:\iverilog\lib\ivl\system.vpi";
:vpi_module "C:\iverilog\lib\ivl\vhdl_sys.vpi";
:vpi_module "C:\iverilog\lib\ivl\vhdl_textio.vpi";
:vpi_module "C:\iverilog\lib\ivl\v2005_math.vpi";
:vpi_module "C:\iverilog\lib\ivl\va_math.vpi";
S_000001eb349b64e0 .scope module, "tb_piso_shift" "tb_piso_shift" 2 1;
 .timescale 0 0;
v000001eb348fbc20_0 .var "clk", 0 0;
v000001eb348fbcc0_0 .var "load", 0 0;
v000001eb348fbd60_0 .var "parallel_in", 3 0;
v000001eb348fbe00_0 .var "rst_n", 0 0;
v000001eb348fbea0_0 .net "serial_out", 0 0, v000001eb348fbae0_0;  1 drivers
S_000001eb349b6670 .scope module, "uut" "piso_shift" 2 5, 3 1 0, S_000001eb349b64e0;
 .timescale 0 0;
    .port_info 0 /INPUT 1 "clk";
    .port_info 1 /INPUT 1 "rst_n";
    .port_info 2 /INPUT 1 "load";
    .port_info 3 /INPUT 4 "parallel_in";
    .port_info 4 /OUTPUT 1 "serial_out";
v000001eb348f6a70_0 .net "clk", 0 0, v000001eb348fbc20_0;  1 drivers
v000001eb348f67f0_0 .net "load", 0 0, v000001eb348fbcc0_0;  1 drivers
v000001eb348fb9a0_0 .net "parallel_in", 3 0, v000001eb348fbd60_0;  1 drivers
v000001eb348fba40_0 .net "rst_n", 0 0, v000001eb348fbe00_0;  1 drivers
v000001eb348fbae0_0 .var "serial_out", 0 0;
v000001eb348fbb80_0 .var "shift", 3 0;
E_000001eb348fa030/0 .event negedge, v000001eb348fba40_0;
E_000001eb348fa030/1 .event posedge, v000001eb348f6a70_0;
E_000001eb348fa030 .event/or E_000001eb348fa030/0, E_000001eb348fa030/1;
    .scope S_000001eb349b6670;
T_0 ;
    %wait E_000001eb348fa030;
    %load/vec4 v000001eb348fba40_0;
    %nor/r;
    %flag_set/vec4 8;
    %jmp/0xz  T_0.0, 8;
    %pushi/vec4 0, 0, 4;
    %assign/vec4 v000001eb348fbb80_0, 0;
    %jmp T_0.1;
T_0.0 ;
    %load/vec4 v000001eb348f67f0_0;
    %flag_set/vec4 8;
    %jmp/0xz  T_0.2, 8;
    %load/vec4 v000001eb348fb9a0_0;
    %assign/vec4 v000001eb348fbb80_0, 0;
    %jmp T_0.3;
T_0.2 ;
    %load/vec4 v000001eb348fbb80_0;
    %parti/s 1, 3, 3;
    %assign/vec4 v000001eb348fbae0_0, 0;
    %load/vec4 v000001eb348fbb80_0;
    %parti/s 3, 0, 2;
    %concati/vec4 0, 0, 1;
    %assign/vec4 v000001eb348fbb80_0, 0;
T_0.3 ;
T_0.1 ;
    %jmp T_0;
    .thread T_0;
    .scope S_000001eb349b64e0;
T_1 ;
    %delay 5, 0;
    %load/vec4 v000001eb348fbc20_0;
    %inv;
    %store/vec4 v000001eb348fbc20_0, 0, 1;
    %jmp T_1;
    .thread T_1;
    .scope S_000001eb349b64e0;
T_2 ;
    %vpi_call 2 8 "$monitor", "clk = %b, rst_n = %b, load = %b, parallel_in = %b, serial_out = %b", v000001eb348fbc20_0, v000001eb348fbe00_0, v000001eb348fbcc0_0, v000001eb348fbd60_0, v000001eb348fbea0_0 {0 0 0};
    %pushi/vec4 0, 0, 1;
    %store/vec4 v000001eb348fbc20_0, 0, 1;
    %pushi/vec4 0, 0, 1;
    %store/vec4 v000001eb348fbe00_0, 0, 1;
    %pushi/vec4 0, 0, 1;
    %store/vec4 v000001eb348fbcc0_0, 0, 1;
    %delay 10, 0;
    %pushi/vec4 1, 0, 1;
    %store/vec4 v000001eb348fbe00_0, 0, 1;
    %pushi/vec4 1, 0, 1;
    %store/vec4 v000001eb348fbcc0_0, 0, 1;
    %pushi/vec4 11, 0, 4;
    %store/vec4 v000001eb348fbd60_0, 0, 4;
    %delay 10, 0;
    %pushi/vec4 0, 0, 1;
    %store/vec4 v000001eb348fbcc0_0, 0, 1;
    %delay 50, 0;
    %vpi_call 2 13 "$finish" {0 0 0};
    %end;
    .thread T_2;
# The file index is used to find the file name in the following table.
:file_names 4;
    "N/A";
    "<interactive>";
    "piso_tb.v";
    "piso_db.v";
