#! /c/Source/iverilog-install/bin/vvp
:ivl_version "12.0 (devel)" "(s20150603-1539-g2693dd32b)";
:ivl_delay_selection "TYPICAL";
:vpi_time_precision - 12;
:vpi_module "C:\iverilog\lib\ivl\system.vpi";
:vpi_module "C:\iverilog\lib\ivl\vhdl_sys.vpi";
:vpi_module "C:\iverilog\lib\ivl\vhdl_textio.vpi";
:vpi_module "C:\iverilog\lib\ivl\v2005_math.vpi";
:vpi_module "C:\iverilog\lib\ivl\va_math.vpi";
S_000001f4f017b240 .scope module, "tb_siso_shift" "tb_siso_shift" 2 2;
 .timescale -9 -12;
v000001f4f017bba0_0 .var "clk", 0 0;
v000001f4f017bc40_0 .var "rst_n", 0 0;
v000001f4f017bce0_0 .var "serial_in", 0 0;
v000001f4f017bd80_0 .net "serial_out", 0 0, v000001f4f01c6310_0;  1 drivers
S_000001f4f01c6040 .scope module, "uut" "siso_shift" 2 5, 3 1 0, S_000001f4f017b240;
 .timescale 0 0;
    .port_info 0 /INPUT 1 "clk";
    .port_info 1 /INPUT 1 "rst_n";
    .port_info 2 /INPUT 1 "serial_in";
    .port_info 3 /OUTPUT 1 "serial_out";
v000001f4f01c61d0_0 .net "clk", 0 0, v000001f4f017bba0_0;  1 drivers
v000001f4f01767f0_0 .net "rst_n", 0 0, v000001f4f017bc40_0;  1 drivers
v000001f4f01c6270_0 .net "serial_in", 0 0, v000001f4f017bce0_0;  1 drivers
v000001f4f01c6310_0 .var "serial_out", 0 0;
v000001f4f01c63b0_0 .var "shift", 3 0;
E_000001f4f017c8a0/0 .event negedge, v000001f4f01767f0_0;
E_000001f4f017c8a0/1 .event posedge, v000001f4f01c61d0_0;
E_000001f4f017c8a0 .event/or E_000001f4f017c8a0/0, E_000001f4f017c8a0/1;
    .scope S_000001f4f01c6040;
T_0 ;
    %wait E_000001f4f017c8a0;
    %load/vec4 v000001f4f01767f0_0;
    %nor/r;
    %flag_set/vec4 8;
    %jmp/0xz  T_0.0, 8;
    %pushi/vec4 0, 0, 4;
    %assign/vec4 v000001f4f01c63b0_0, 0;
    %jmp T_0.1;
T_0.0 ;
    %load/vec4 v000001f4f01c63b0_0;
    %parti/s 3, 0, 2;
    %load/vec4 v000001f4f01c6270_0;
    %concat/vec4; draw_concat_vec4
    %assign/vec4 v000001f4f01c63b0_0, 0;
    %load/vec4 v000001f4f01c63b0_0;
    %parti/s 1, 3, 3;
    %assign/vec4 v000001f4f01c6310_0, 0;
T_0.1 ;
    %jmp T_0;
    .thread T_0;
    .scope S_000001f4f017b240;
T_1 ;
    %delay 5000, 0;
    %load/vec4 v000001f4f017bba0_0;
    %inv;
    %store/vec4 v000001f4f017bba0_0, 0, 1;
    %jmp T_1;
    .thread T_1;
    .scope S_000001f4f017b240;
T_2 ;
    %vpi_call 2 8 "$monitor", "At time %t, serial_out = %b", $time, v000001f4f017bd80_0 {0 0 0};
    %pushi/vec4 0, 0, 1;
    %store/vec4 v000001f4f017bba0_0, 0, 1;
    %pushi/vec4 0, 0, 1;
    %store/vec4 v000001f4f017bc40_0, 0, 1;
    %pushi/vec4 0, 0, 1;
    %store/vec4 v000001f4f017bce0_0, 0, 1;
    %delay 10000, 0;
    %pushi/vec4 1, 0, 1;
    %store/vec4 v000001f4f017bc40_0, 0, 1;
    %pushi/vec4 1, 0, 1;
    %store/vec4 v000001f4f017bce0_0, 0, 1;
    %delay 10000, 0;
    %pushi/vec4 0, 0, 1;
    %store/vec4 v000001f4f017bce0_0, 0, 1;
    %delay 10000, 0;
    %pushi/vec4 1, 0, 1;
    %store/vec4 v000001f4f017bce0_0, 0, 1;
    %delay 40000, 0;
    %vpi_call 2 14 "$finish" {0 0 0};
    %end;
    .thread T_2;
# The file index is used to find the file name in the following table.
:file_names 4;
    "N/A";
    "<interactive>";
    "siso_tb.v";
    "siso_db.v";
