#! /c/Source/iverilog-install/bin/vvp
:ivl_version "12.0 (devel)" "(s20150603-1539-g2693dd32b)";
:ivl_delay_selection "TYPICAL";
:vpi_time_precision + 0;
:vpi_module "C:\iverilog\lib\ivl\system.vpi";
:vpi_module "C:\iverilog\lib\ivl\vhdl_sys.vpi";
:vpi_module "C:\iverilog\lib\ivl\vhdl_textio.vpi";
:vpi_module "C:\iverilog\lib\ivl\v2005_math.vpi";
:vpi_module "C:\iverilog\lib\ivl\va_math.vpi";
S_000001ea1189dcf0 .scope module, "tb_universal_shift" "tb_universal_shift" 2 1;
 .timescale 0 0;
v000001ea1189bac0_0 .var "clk", 0 0;
v000001ea1189bb60_0 .var "mode", 1 0;
v000001ea1189bc00_0 .var "parallel_in", 7 0;
v000001ea11795250_0 .net "parallel_out", 7 0, v000001ea117a4410_0;  1 drivers
v000001ea117952f0_0 .var "rst_n", 0 0;
v000001ea1189bca0_0 .var "serial_in_left", 0 0;
v000001ea1189bd40_0 .var "serial_in_right", 0 0;
S_000001ea1189de80 .scope module, "uut" "universal_shift_reg" 2 7, 3 1 0, S_000001ea1189dcf0;
 .timescale 0 0;
    .port_info 0 /INPUT 1 "clk";
    .port_info 1 /INPUT 1 "rst_n";
    .port_info 2 /INPUT 2 "mode";
    .port_info 3 /INPUT 1 "serial_in_left";
    .port_info 4 /INPUT 1 "serial_in_right";
    .port_info 5 /INPUT 8 "parallel_in";
    .port_info 6 /OUTPUT 8 "parallel_out";
v000001ea118963f0_0 .net "clk", 0 0, v000001ea1189bac0_0;  1 drivers
v000001ea117a42d0_0 .net "mode", 1 0, v000001ea1189bb60_0;  1 drivers
v000001ea117a4370_0 .net "parallel_in", 7 0, v000001ea1189bc00_0;  1 drivers
v000001ea117a4410_0 .var "parallel_out", 7 0;
v000001ea117a44b0_0 .net "rst_n", 0 0, v000001ea117952f0_0;  1 drivers
v000001ea117a4550_0 .net "serial_in_left", 0 0, v000001ea1189bca0_0;  1 drivers
v000001ea1189ba20_0 .net "serial_in_right", 0 0, v000001ea1189bd40_0;  1 drivers
E_000001ea117a76a0/0 .event negedge, v000001ea117a44b0_0;
E_000001ea117a76a0/1 .event posedge, v000001ea118963f0_0;
E_000001ea117a76a0 .event/or E_000001ea117a76a0/0, E_000001ea117a76a0/1;
    .scope S_000001ea1189de80;
T_0 ;
    %wait E_000001ea117a76a0;
    %load/vec4 v000001ea117a44b0_0;
    %nor/r;
    %flag_set/vec4 8;
    %jmp/0xz  T_0.0, 8;
    %pushi/vec4 0, 0, 8;
    %assign/vec4 v000001ea117a4410_0, 0;
    %jmp T_0.1;
T_0.0 ;
    %load/vec4 v000001ea117a42d0_0;
    %dup/vec4;
    %pushi/vec4 0, 0, 2;
    %cmp/u;
    %jmp/1 T_0.2, 6;
    %dup/vec4;
    %pushi/vec4 1, 0, 2;
    %cmp/u;
    %jmp/1 T_0.3, 6;
    %dup/vec4;
    %pushi/vec4 2, 0, 2;
    %cmp/u;
    %jmp/1 T_0.4, 6;
    %dup/vec4;
    %pushi/vec4 3, 0, 2;
    %cmp/u;
    %jmp/1 T_0.5, 6;
    %jmp T_0.6;
T_0.2 ;
    %load/vec4 v000001ea117a4410_0;
    %assign/vec4 v000001ea117a4410_0, 0;
    %jmp T_0.6;
T_0.3 ;
    %load/vec4 v000001ea117a4550_0;
    %load/vec4 v000001ea117a4410_0;
    %parti/s 7, 1, 2;
    %concat/vec4; draw_concat_vec4
    %assign/vec4 v000001ea117a4410_0, 0;
    %jmp T_0.6;
T_0.4 ;
    %load/vec4 v000001ea117a4410_0;
    %parti/s 7, 0, 2;
    %load/vec4 v000001ea1189ba20_0;
    %concat/vec4; draw_concat_vec4
    %assign/vec4 v000001ea117a4410_0, 0;
    %jmp T_0.6;
T_0.5 ;
    %load/vec4 v000001ea117a4370_0;
    %assign/vec4 v000001ea117a4410_0, 0;
    %jmp T_0.6;
T_0.6 ;
    %pop/vec4 1;
T_0.1 ;
    %jmp T_0;
    .thread T_0;
    .scope S_000001ea1189dcf0;
T_1 ;
    %delay 5, 0;
    %load/vec4 v000001ea1189bac0_0;
    %inv;
    %store/vec4 v000001ea1189bac0_0, 0, 1;
    %jmp T_1;
    .thread T_1;
    .scope S_000001ea1189dcf0;
T_2 ;
    %vpi_call 2 14 "$monitor", "clk = %b, rst_n = %b, mode = %b, serial_in_left = %b, serial_in_right = %b, parallel_in = %b, parallel_out = %b", v000001ea1189bac0_0, v000001ea117952f0_0, v000001ea1189bb60_0, v000001ea1189bca0_0, v000001ea1189bd40_0, v000001ea1189bc00_0, v000001ea11795250_0 {0 0 0};
    %pushi/vec4 0, 0, 1;
    %store/vec4 v000001ea1189bac0_0, 0, 1;
    %pushi/vec4 0, 0, 1;
    %store/vec4 v000001ea117952f0_0, 0, 1;
    %delay 10, 0;
    %pushi/vec4 1, 0, 1;
    %store/vec4 v000001ea117952f0_0, 0, 1;
    %pushi/vec4 3, 0, 2;
    %store/vec4 v000001ea1189bb60_0, 0, 2;
    %pushi/vec4 170, 0, 8;
    %store/vec4 v000001ea1189bc00_0, 0, 8;
    %delay 10, 0;
    %pushi/vec4 1, 0, 2;
    %store/vec4 v000001ea1189bb60_0, 0, 2;
    %pushi/vec4 1, 0, 1;
    %store/vec4 v000001ea1189bca0_0, 0, 1;
    %delay 20, 0;
    %pushi/vec4 2, 0, 2;
    %store/vec4 v000001ea1189bb60_0, 0, 2;
    %pushi/vec4 0, 0, 1;
    %store/vec4 v000001ea1189bd40_0, 0, 1;
    %delay 20, 0;
    %pushi/vec4 0, 0, 2;
    %store/vec4 v000001ea1189bb60_0, 0, 2;
    %delay 20, 0;
    %vpi_call 2 25 "$finish" {0 0 0};
    %end;
    .thread T_2;
# The file index is used to find the file name in the following table.
:file_names 4;
    "N/A";
    "<interactive>";
    "universal_shift_tb.v";
    "universal_shift_db.v";
