#! /c/Source/iverilog-install/bin/vvp
:ivl_version "12.0 (devel)" "(s20150603-1539-g2693dd32b)";
:ivl_delay_selection "TYPICAL";
:vpi_time_precision - 12;
:vpi_module "C:\iverilog\lib\ivl\system.vpi";
:vpi_module "C:\iverilog\lib\ivl\vhdl_sys.vpi";
:vpi_module "C:\iverilog\lib\ivl\vhdl_textio.vpi";
:vpi_module "C:\iverilog\lib\ivl\v2005_math.vpi";
:vpi_module "C:\iverilog\lib\ivl\va_math.vpi";
S_000001fa8a22b930 .scope module, "tb_fifo" "tb_fifo" 2 2;
 .timescale -9 -12;
v000001fa8a273f80_0 .var "clk", 0 0;
v000001fa8a273940_0 .var "data_in", 7 0;
v000001fa8a2739e0_0 .net "data_out", 7 0, v000001fa8a273530_0;  1 drivers
v000001fa8a273da0_0 .net "empty", 0 0, L_000001fa8a2743e0;  1 drivers
v000001fa8a274020_0 .net "full", 0 0, L_000001fa8a2740c0;  1 drivers
v000001fa8a274480_0 .var "rd_en", 0 0;
v000001fa8a273620_0 .var "rst_n", 0 0;
v000001fa8a2742a0_0 .var "wr_en", 0 0;
S_000001fa8a22bcf0 .scope module, "dut" "sync_fifo" 2 7, 3 1 0, S_000001fa8a22b930;
 .timescale -9 -12;
    .port_info 0 /INPUT 1 "clk";
    .port_info 1 /INPUT 1 "rst_n";
    .port_info 2 /INPUT 1 "wr_en";
    .port_info 3 /INPUT 1 "rd_en";
    .port_info 4 /INPUT 8 "data_in";
    .port_info 5 /OUTPUT 8 "data_out";
    .port_info 6 /OUTPUT 1 "full";
    .port_info 7 /OUTPUT 1 "empty";
v000001fa8a22bac0_0 .net *"_ivl_0", 31 0, L_000001fa8a2736c0;  1 drivers
L_000001fa8a2ca198 .functor BUFT 1, C4<000000000000000000000000000>, C4<0>, C4<0>, C4<0>;
v000001fa8a2268f0_0 .net *"_ivl_11", 26 0, L_000001fa8a2ca198;  1 drivers
L_000001fa8a2ca1e0 .functor BUFT 1, C4<00000000000000000000000000000000>, C4<0>, C4<0>, C4<0>;
v000001fa8a22be80_0 .net/2u *"_ivl_12", 31 0, L_000001fa8a2ca1e0;  1 drivers
L_000001fa8a2ca108 .functor BUFT 1, C4<000000000000000000000000000>, C4<0>, C4<0>, C4<0>;
v000001fa8a273170_0 .net *"_ivl_3", 26 0, L_000001fa8a2ca108;  1 drivers
L_000001fa8a2ca150 .functor BUFT 1, C4<00000000000000000000000000010000>, C4<0>, C4<0>, C4<0>;
v000001fa8a273210_0 .net/2u *"_ivl_4", 31 0, L_000001fa8a2ca150;  1 drivers
v000001fa8a2732b0_0 .net *"_ivl_8", 31 0, L_000001fa8a273c60;  1 drivers
v000001fa8a273350_0 .net "clk", 0 0, v000001fa8a273f80_0;  1 drivers
v000001fa8a2733f0_0 .var "count", 4 0;
v000001fa8a273490_0 .net "data_in", 7 0, v000001fa8a273940_0;  1 drivers
v000001fa8a273530_0 .var "data_out", 7 0;
v000001fa8a274520_0 .net "empty", 0 0, L_000001fa8a2743e0;  alias, 1 drivers
v000001fa8a274160_0 .net "full", 0 0, L_000001fa8a2740c0;  alias, 1 drivers
v000001fa8a273bc0 .array "mem", 0 15, 7 0;
v000001fa8a273760_0 .net "rd_en", 0 0, v000001fa8a274480_0;  1 drivers
v000001fa8a274200_0 .var "rd_ptr", 3 0;
v000001fa8a274340_0 .net "rst_n", 0 0, v000001fa8a273620_0;  1 drivers
v000001fa8a273e40_0 .net "wr_en", 0 0, v000001fa8a2742a0_0;  1 drivers
v000001fa8a273d00_0 .var "wr_ptr", 3 0;
E_000001fa8a264b00/0 .event negedge, v000001fa8a274340_0;
E_000001fa8a264b00/1 .event posedge, v000001fa8a273350_0;
E_000001fa8a264b00 .event/or E_000001fa8a264b00/0, E_000001fa8a264b00/1;
L_000001fa8a2736c0 .concat [ 5 27 0 0], v000001fa8a2733f0_0, L_000001fa8a2ca108;
L_000001fa8a2740c0 .cmp/eq 32, L_000001fa8a2736c0, L_000001fa8a2ca150;
L_000001fa8a273c60 .concat [ 5 27 0 0], v000001fa8a2733f0_0, L_000001fa8a2ca198;
L_000001fa8a2743e0 .cmp/eq 32, L_000001fa8a273c60, L_000001fa8a2ca1e0;
    .scope S_000001fa8a22bcf0;
T_0 ;
    %wait E_000001fa8a264b00;
    %load/vec4 v000001fa8a274340_0;
    %nor/r;
    %flag_set/vec4 8;
    %jmp/0xz  T_0.0, 8;
    %pushi/vec4 0, 0, 4;
    %assign/vec4 v000001fa8a273d00_0, 0;
    %jmp T_0.1;
T_0.0 ;
    %load/vec4 v000001fa8a273e40_0;
    %flag_set/vec4 9;
    %flag_get/vec4 9;
    %jmp/0 T_0.4, 9;
    %load/vec4 v000001fa8a274160_0;
    %nor/r;
    %and;
T_0.4;
    %flag_set/vec4 8;
    %jmp/0xz  T_0.2, 8;
    %load/vec4 v000001fa8a273490_0;
    %load/vec4 v000001fa8a273d00_0;
    %pad/u 6;
    %ix/vec4 3;
    %ix/load 4, 0, 0; Constant delay
    %assign/vec4/a/d v000001fa8a273bc0, 0, 4;
    %load/vec4 v000001fa8a273d00_0;
    %addi 1, 0, 4;
    %assign/vec4 v000001fa8a273d00_0, 0;
T_0.2 ;
T_0.1 ;
    %jmp T_0;
    .thread T_0;
    .scope S_000001fa8a22bcf0;
T_1 ;
    %wait E_000001fa8a264b00;
    %load/vec4 v000001fa8a274340_0;
    %nor/r;
    %flag_set/vec4 8;
    %jmp/0xz  T_1.0, 8;
    %pushi/vec4 0, 0, 4;
    %assign/vec4 v000001fa8a274200_0, 0;
    %pushi/vec4 0, 0, 8;
    %assign/vec4 v000001fa8a273530_0, 0;
    %jmp T_1.1;
T_1.0 ;
    %load/vec4 v000001fa8a273760_0;
    %flag_set/vec4 9;
    %flag_get/vec4 9;
    %jmp/0 T_1.4, 9;
    %load/vec4 v000001fa8a274520_0;
    %nor/r;
    %and;
T_1.4;
    %flag_set/vec4 8;
    %jmp/0xz  T_1.2, 8;
    %load/vec4 v000001fa8a274200_0;
    %pad/u 6;
    %ix/vec4 4;
    %load/vec4a v000001fa8a273bc0, 4;
    %assign/vec4 v000001fa8a273530_0, 0;
    %load/vec4 v000001fa8a274200_0;
    %addi 1, 0, 4;
    %assign/vec4 v000001fa8a274200_0, 0;
T_1.2 ;
T_1.1 ;
    %jmp T_1;
    .thread T_1;
    .scope S_000001fa8a22bcf0;
T_2 ;
    %wait E_000001fa8a264b00;
    %load/vec4 v000001fa8a274340_0;
    %nor/r;
    %flag_set/vec4 8;
    %jmp/0xz  T_2.0, 8;
    %pushi/vec4 0, 0, 5;
    %assign/vec4 v000001fa8a2733f0_0, 0;
    %jmp T_2.1;
T_2.0 ;
    %load/vec4 v000001fa8a273e40_0;
    %flag_set/vec4 8;
    %flag_get/vec4 8;
    %jmp/0 T_2.6, 8;
    %load/vec4 v000001fa8a274160_0;
    %nor/r;
    %and;
T_2.6;
    %load/vec4 v000001fa8a273760_0;
    %flag_set/vec4 8;
    %flag_get/vec4 8;
    %jmp/0 T_2.7, 8;
    %load/vec4 v000001fa8a274520_0;
    %nor/r;
    %and;
T_2.7;
    %concat/vec4; draw_concat_vec4
    %dup/vec4;
    %pushi/vec4 2, 0, 2;
    %cmp/u;
    %jmp/1 T_2.2, 6;
    %dup/vec4;
    %pushi/vec4 1, 0, 2;
    %cmp/u;
    %jmp/1 T_2.3, 6;
    %load/vec4 v000001fa8a2733f0_0;
    %assign/vec4 v000001fa8a2733f0_0, 0;
    %jmp T_2.5;
T_2.2 ;
    %load/vec4 v000001fa8a2733f0_0;
    %addi 1, 0, 5;
    %assign/vec4 v000001fa8a2733f0_0, 0;
    %jmp T_2.5;
T_2.3 ;
    %load/vec4 v000001fa8a2733f0_0;
    %subi 1, 0, 5;
    %assign/vec4 v000001fa8a2733f0_0, 0;
    %jmp T_2.5;
T_2.5 ;
    %pop/vec4 1;
T_2.1 ;
    %jmp T_2;
    .thread T_2;
    .scope S_000001fa8a22b930;
T_3 ;
    %delay 5000, 0;
    %load/vec4 v000001fa8a273f80_0;
    %inv;
    %store/vec4 v000001fa8a273f80_0, 0, 1;
    %jmp T_3;
    .thread T_3;
    .scope S_000001fa8a22b930;
T_4 ;
    %vpi_call 2 10 "$monitor", "Clk=%b rst_n=%b wr_en=%b rd_en=%b data_in=%h data_out=%h full=%b empty=%b", v000001fa8a273f80_0, v000001fa8a273620_0, v000001fa8a2742a0_0, v000001fa8a274480_0, v000001fa8a273940_0, v000001fa8a2739e0_0, v000001fa8a274020_0, v000001fa8a273da0_0 {0 0 0};
    %pushi/vec4 0, 0, 1;
    %store/vec4 v000001fa8a273f80_0, 0, 1;
    %pushi/vec4 0, 0, 1;
    %store/vec4 v000001fa8a273620_0, 0, 1;
    %pushi/vec4 0, 0, 1;
    %store/vec4 v000001fa8a2742a0_0, 0, 1;
    %pushi/vec4 0, 0, 1;
    %store/vec4 v000001fa8a274480_0, 0, 1;
    %delay 10000, 0;
    %pushi/vec4 1, 0, 1;
    %store/vec4 v000001fa8a273620_0, 0, 1;
    %pushi/vec4 1, 0, 1;
    %store/vec4 v000001fa8a2742a0_0, 0, 1;
    %pushi/vec4 161, 0, 8;
    %store/vec4 v000001fa8a273940_0, 0, 8;
    %delay 10000, 0;
    %pushi/vec4 178, 0, 8;
    %store/vec4 v000001fa8a273940_0, 0, 8;
    %delay 10000, 0;
    %pushi/vec4 195, 0, 8;
    %store/vec4 v000001fa8a273940_0, 0, 8;
    %delay 10000, 0;
    %pushi/vec4 0, 0, 1;
    %store/vec4 v000001fa8a2742a0_0, 0, 1;
    %pushi/vec4 1, 0, 1;
    %store/vec4 v000001fa8a274480_0, 0, 1;
    %delay 30000, 0;
    %pushi/vec4 0, 0, 1;
    %store/vec4 v000001fa8a274480_0, 0, 1;
    %vpi_call 2 23 "$finish" {0 0 0};
    %end;
    .thread T_4;
# The file index is used to find the file name in the following table.
:file_names 4;
    "N/A";
    "<interactive>";
    "sync_fifo_tb.v";
    "sync_fifo_db.v";
