#! /c/Source/iverilog-install/bin/vvp
:ivl_version "12.0 (devel)" "(s20150603-1539-g2693dd32b)";
:ivl_delay_selection "TYPICAL";
:vpi_time_precision - 12;
:vpi_module "C:\iverilog\lib\ivl\system.vpi";
:vpi_module "C:\iverilog\lib\ivl\vhdl_sys.vpi";
:vpi_module "C:\iverilog\lib\ivl\vhdl_textio.vpi";
:vpi_module "C:\iverilog\lib\ivl\v2005_math.vpi";
:vpi_module "C:\iverilog\lib\ivl\va_math.vpi";
S_00000259134cba80 .scope module, "tb_decoder_3to8" "tb_decoder_3to8" 2 2;
 .timescale -9 -12;
v00000259134c6300_0 .var "din", 2 0;
v00000259134c63a0_0 .net "dout", 7 0, v00000259134cbda0_0;  1 drivers
S_00000259134cbc10 .scope module, "uut" "decoder_3to8" 2 5, 3 1 0, S_00000259134cba80;
 .timescale -9 -12;
    .port_info 0 /INPUT 3 "din";
    .port_info 1 /OUTPUT 8 "dout";
v00000259134c6ff0_0 .net "din", 2 0, v00000259134c6300_0;  1 drivers
v00000259134cbda0_0 .var "dout", 7 0;
E_0000025913517b00 .event anyedge, v00000259134c6ff0_0;
    .scope S_00000259134cbc10;
T_0 ;
    %wait E_0000025913517b00;
    %load/vec4 v00000259134c6ff0_0;
    %dup/vec4;
    %pushi/vec4 0, 0, 3;
    %cmp/u;
    %jmp/1 T_0.0, 6;
    %dup/vec4;
    %pushi/vec4 1, 0, 3;
    %cmp/u;
    %jmp/1 T_0.1, 6;
    %dup/vec4;
    %pushi/vec4 2, 0, 3;
    %cmp/u;
    %jmp/1 T_0.2, 6;
    %dup/vec4;
    %pushi/vec4 3, 0, 3;
    %cmp/u;
    %jmp/1 T_0.3, 6;
    %dup/vec4;
    %pushi/vec4 4, 0, 3;
    %cmp/u;
    %jmp/1 T_0.4, 6;
    %dup/vec4;
    %pushi/vec4 5, 0, 3;
    %cmp/u;
    %jmp/1 T_0.5, 6;
    %dup/vec4;
    %pushi/vec4 6, 0, 3;
    %cmp/u;
    %jmp/1 T_0.6, 6;
    %dup/vec4;
    %pushi/vec4 7, 0, 3;
    %cmp/u;
    %jmp/1 T_0.7, 6;
    %pushi/vec4 0, 0, 8;
    %store/vec4 v00000259134cbda0_0, 0, 8;
    %jmp T_0.9;
T_0.0 ;
    %pushi/vec4 1, 0, 8;
    %store/vec4 v00000259134cbda0_0, 0, 8;
    %jmp T_0.9;
T_0.1 ;
    %pushi/vec4 2, 0, 8;
    %store/vec4 v00000259134cbda0_0, 0, 8;
    %jmp T_0.9;
T_0.2 ;
    %pushi/vec4 4, 0, 8;
    %store/vec4 v00000259134cbda0_0, 0, 8;
    %jmp T_0.9;
T_0.3 ;
    %pushi/vec4 8, 0, 8;
    %store/vec4 v00000259134cbda0_0, 0, 8;
    %jmp T_0.9;
T_0.4 ;
    %pushi/vec4 16, 0, 8;
    %store/vec4 v00000259134cbda0_0, 0, 8;
    %jmp T_0.9;
T_0.5 ;
    %pushi/vec4 32, 0, 8;
    %store/vec4 v00000259134cbda0_0, 0, 8;
    %jmp T_0.9;
T_0.6 ;
    %pushi/vec4 64, 0, 8;
    %store/vec4 v00000259134cbda0_0, 0, 8;
    %jmp T_0.9;
T_0.7 ;
    %pushi/vec4 128, 0, 8;
    %store/vec4 v00000259134cbda0_0, 0, 8;
    %jmp T_0.9;
T_0.9 ;
    %pop/vec4 1;
    %jmp T_0;
    .thread T_0, $push;
    .scope S_00000259134cba80;
T_1 ;
    %vpi_call 2 7 "$display", "din | dout" {0 0 0};
    %pushi/vec4 0, 0, 3;
    %store/vec4 v00000259134c6300_0, 0, 3;
    %delay 10000, 0;
    %vpi_call 2 8 "$display", "%b | %b", v00000259134c6300_0, v00000259134c63a0_0 {0 0 0};
    %pushi/vec4 1, 0, 3;
    %store/vec4 v00000259134c6300_0, 0, 3;
    %delay 10000, 0;
    %vpi_call 2 9 "$display", "%b | %b", v00000259134c6300_0, v00000259134c63a0_0 {0 0 0};
    %pushi/vec4 2, 0, 3;
    %store/vec4 v00000259134c6300_0, 0, 3;
    %delay 10000, 0;
    %vpi_call 2 10 "$display", "%b | %b", v00000259134c6300_0, v00000259134c63a0_0 {0 0 0};
    %pushi/vec4 3, 0, 3;
    %store/vec4 v00000259134c6300_0, 0, 3;
    %delay 10000, 0;
    %vpi_call 2 11 "$display", "%b | %b", v00000259134c6300_0, v00000259134c63a0_0 {0 0 0};
    %pushi/vec4 4, 0, 3;
    %store/vec4 v00000259134c6300_0, 0, 3;
    %delay 10000, 0;
    %vpi_call 2 12 "$display", "%b | %b", v00000259134c6300_0, v00000259134c63a0_0 {0 0 0};
    %pushi/vec4 5, 0, 3;
    %store/vec4 v00000259134c6300_0, 0, 3;
    %delay 10000, 0;
    %vpi_call 2 13 "$display", "%b | %b", v00000259134c6300_0, v00000259134c63a0_0 {0 0 0};
    %pushi/vec4 6, 0, 3;
    %store/vec4 v00000259134c6300_0, 0, 3;
    %delay 10000, 0;
    %vpi_call 2 14 "$display", "%b | %b", v00000259134c6300_0, v00000259134c63a0_0 {0 0 0};
    %pushi/vec4 7, 0, 3;
    %store/vec4 v00000259134c6300_0, 0, 3;
    %delay 10000, 0;
    %vpi_call 2 15 "$display", "%b | %b", v00000259134c6300_0, v00000259134c63a0_0 {0 0 0};
    %vpi_call 2 16 "$finish" {0 0 0};
    %end;
    .thread T_1;
# The file index is used to find the file name in the following table.
:file_names 4;
    "N/A";
    "<interactive>";
    "decoder_3to8_tb.v";
    "decoder_3to8_db.v";
