#! /c/Source/iverilog-install/bin/vvp
:ivl_version "12.0 (devel)" "(s20150603-1539-g2693dd32b)";
:ivl_delay_selection "TYPICAL";
:vpi_time_precision - 12;
:vpi_module "C:\iverilog\lib\ivl\system.vpi";
:vpi_module "C:\iverilog\lib\ivl\vhdl_sys.vpi";
:vpi_module "C:\iverilog\lib\ivl\vhdl_textio.vpi";
:vpi_module "C:\iverilog\lib\ivl\v2005_math.vpi";
:vpi_module "C:\iverilog\lib\ivl\va_math.vpi";
S_000002c4d4ae4fe0 .scope module, "tb_priority_encoder_8to3" "tb_priority_encoder_8to3" 2 2;
 .timescale -9 -12;
v000002c4d4a3cea0_0 .var "data_in", 7 0;
v000002c4d4a3cf40_0 .net "data_out", 2 0, v000002c4d4a36700_0;  1 drivers
v000002c4d4af4360_0 .net "valid", 0 0, v000002c4d4a3ce00_0;  1 drivers
S_000002c4d4a3cbd0 .scope module, "uut" "priority_encoder_8to3" 2 6, 3 1 0, S_000002c4d4ae4fe0;
 .timescale -9 -12;
    .port_info 0 /INPUT 8 "data_in";
    .port_info 1 /OUTPUT 3 "data_out";
    .port_info 2 /OUTPUT 1 "valid";
v000002c4d4a3cd60_0 .net "data_in", 7 0, v000002c4d4a3cea0_0;  1 drivers
v000002c4d4a36700_0 .var "data_out", 2 0;
v000002c4d4a3ce00_0 .var "valid", 0 0;
E_000002c4d4a39450 .event anyedge, v000002c4d4a3cd60_0;
    .scope S_000002c4d4a3cbd0;
T_0 ;
    %wait E_000002c4d4a39450;
    %pushi/vec4 1, 0, 1;
    %store/vec4 v000002c4d4a3ce00_0, 0, 1;
    %load/vec4 v000002c4d4a3cd60_0;
    %dup/vec4;
    %pushi/vec4 128, 127, 8;
    %cmp/z;
    %jmp/1 T_0.0, 4;
    %dup/vec4;
    %pushi/vec4 64, 63, 8;
    %cmp/z;
    %jmp/1 T_0.1, 4;
    %dup/vec4;
    %pushi/vec4 32, 31, 8;
    %cmp/z;
    %jmp/1 T_0.2, 4;
    %dup/vec4;
    %pushi/vec4 16, 15, 8;
    %cmp/z;
    %jmp/1 T_0.3, 4;
    %dup/vec4;
    %pushi/vec4 8, 7, 8;
    %cmp/z;
    %jmp/1 T_0.4, 4;
    %dup/vec4;
    %pushi/vec4 4, 3, 8;
    %cmp/z;
    %jmp/1 T_0.5, 4;
    %dup/vec4;
    %pushi/vec4 2, 1, 8;
    %cmp/z;
    %jmp/1 T_0.6, 4;
    %dup/vec4;
    %pushi/vec4 1, 0, 8;
    %cmp/z;
    %jmp/1 T_0.7, 4;
    %pushi/vec4 0, 0, 3;
    %store/vec4 v000002c4d4a36700_0, 0, 3;
    %pushi/vec4 0, 0, 1;
    %store/vec4 v000002c4d4a3ce00_0, 0, 1;
    %jmp T_0.9;
T_0.0 ;
    %pushi/vec4 7, 0, 3;
    %store/vec4 v000002c4d4a36700_0, 0, 3;
    %jmp T_0.9;
T_0.1 ;
    %pushi/vec4 6, 0, 3;
    %store/vec4 v000002c4d4a36700_0, 0, 3;
    %jmp T_0.9;
T_0.2 ;
    %pushi/vec4 5, 0, 3;
    %store/vec4 v000002c4d4a36700_0, 0, 3;
    %jmp T_0.9;
T_0.3 ;
    %pushi/vec4 4, 0, 3;
    %store/vec4 v000002c4d4a36700_0, 0, 3;
    %jmp T_0.9;
T_0.4 ;
    %pushi/vec4 3, 0, 3;
    %store/vec4 v000002c4d4a36700_0, 0, 3;
    %jmp T_0.9;
T_0.5 ;
    %pushi/vec4 2, 0, 3;
    %store/vec4 v000002c4d4a36700_0, 0, 3;
    %jmp T_0.9;
T_0.6 ;
    %pushi/vec4 1, 0, 3;
    %store/vec4 v000002c4d4a36700_0, 0, 3;
    %jmp T_0.9;
T_0.7 ;
    %pushi/vec4 0, 0, 3;
    %store/vec4 v000002c4d4a36700_0, 0, 3;
    %jmp T_0.9;
T_0.9 ;
    %pop/vec4 1;
    %jmp T_0;
    .thread T_0, $push;
    .scope S_000002c4d4ae4fe0;
T_1 ;
    %vpi_call 2 8 "$display", "data_in | out | valid" {0 0 0};
    %pushi/vec4 0, 0, 8;
    %store/vec4 v000002c4d4a3cea0_0, 0, 8;
    %delay 10000, 0;
    %vpi_call 2 10 "$display", "%b | %b | %b", v000002c4d4a3cea0_0, v000002c4d4a3cf40_0, v000002c4d4af4360_0 {0 0 0};
    %pushi/vec4 4, 0, 8;
    %store/vec4 v000002c4d4a3cea0_0, 0, 8;
    %delay 10000, 0;
    %vpi_call 2 12 "$display", "%b | %b | %b", v000002c4d4a3cea0_0, v000002c4d4a3cf40_0, v000002c4d4af4360_0 {0 0 0};
    %pushi/vec4 80, 0, 8;
    %store/vec4 v000002c4d4a3cea0_0, 0, 8;
    %delay 10000, 0;
    %vpi_call 2 14 "$display", "%b | %b | %b", v000002c4d4a3cea0_0, v000002c4d4a3cf40_0, v000002c4d4af4360_0 {0 0 0};
    %pushi/vec4 130, 0, 8;
    %store/vec4 v000002c4d4a3cea0_0, 0, 8;
    %delay 10000, 0;
    %vpi_call 2 16 "$display", "%b | %b | %b", v000002c4d4a3cea0_0, v000002c4d4a3cf40_0, v000002c4d4af4360_0 {0 0 0};
    %vpi_call 2 17 "$finish" {0 0 0};
    %end;
    .thread T_1;
# The file index is used to find the file name in the following table.
:file_names 4;
    "N/A";
    "<interactive>";
    "priority_encoder_tb.v";
    "priority_encoder_db.v";
