#! /c/Source/iverilog-install/bin/vvp
:ivl_version "12.0 (devel)" "(s20150603-1539-g2693dd32b)";
:ivl_delay_selection "TYPICAL";
:vpi_time_precision - 12;
:vpi_module "C:\iverilog\lib\ivl\system.vpi";
:vpi_module "C:\iverilog\lib\ivl\vhdl_sys.vpi";
:vpi_module "C:\iverilog\lib\ivl\vhdl_textio.vpi";
:vpi_module "C:\iverilog\lib\ivl\v2005_math.vpi";
:vpi_module "C:\iverilog\lib\ivl\va_math.vpi";
S_000002b06b37bb30 .scope module, "tb_binary_counter" "tb_binary_counter" 2 2;
 .timescale -9 -12;
v000002b06b3764b0_0 .net "carry_out", 0 0, L_000002b06b411b20;  1 drivers
v000002b06b376550_0 .var "clk", 0 0;
v000002b06b3765f0_0 .net "count", 7 0, v000002b06b3b4e40_0;  1 drivers
v000002b06b376690_0 .var "en", 0 0;
v000002b06b376730_0 .var "load", 0 0;
v000002b06b411d00_0 .var "load_val", 7 0;
v000002b06b411300_0 .var "rst_n", 0 0;
S_000002b06b37bcc0 .scope module, "uut" "binary_counter" 2 7, 3 1 0, S_000002b06b37bb30;
 .timescale -9 -12;
    .port_info 0 /INPUT 1 "clk";
    .port_info 1 /INPUT 1 "rst_n";
    .port_info 2 /INPUT 1 "en";
    .port_info 3 /INPUT 1 "load";
    .port_info 4 /INPUT 8 "load_val";
    .port_info 5 /OUTPUT 8 "count";
    .port_info 6 /OUTPUT 1 "carry_out";
L_000002b06b412048 .functor BUFT 1, C4<11111111>, C4<0>, C4<0>, C4<0>;
v000002b06b376c80_0 .net/2u *"_ivl_0", 7 0, L_000002b06b412048;  1 drivers
v000002b06b37be50_0 .net "carry_out", 0 0, L_000002b06b411b20;  alias, 1 drivers
v000002b06b37bef0_0 .net "clk", 0 0, v000002b06b376550_0;  1 drivers
v000002b06b3b4e40_0 .var "count", 7 0;
v000002b06b3b4ee0_0 .net "en", 0 0, v000002b06b376690_0;  1 drivers
v000002b06b3b4f80_0 .net "load", 0 0, v000002b06b376730_0;  1 drivers
v000002b06b3b5020_0 .net "load_val", 7 0, v000002b06b411d00_0;  1 drivers
v000002b06b376410_0 .net "rst_n", 0 0, v000002b06b411300_0;  1 drivers
E_000002b06b3c96b0/0 .event negedge, v000002b06b376410_0;
E_000002b06b3c96b0/1 .event posedge, v000002b06b37bef0_0;
E_000002b06b3c96b0 .event/or E_000002b06b3c96b0/0, E_000002b06b3c96b0/1;
L_000002b06b411b20 .cmp/eq 8, v000002b06b3b4e40_0, L_000002b06b412048;
    .scope S_000002b06b37bcc0;
T_0 ;
    %wait E_000002b06b3c96b0;
    %load/vec4 v000002b06b376410_0;
    %nor/r;
    %flag_set/vec4 8;
    %jmp/0xz  T_0.0, 8;
    %pushi/vec4 0, 0, 8;
    %assign/vec4 v000002b06b3b4e40_0, 0;
    %jmp T_0.1;
T_0.0 ;
    %load/vec4 v000002b06b3b4f80_0;
    %flag_set/vec4 8;
    %jmp/0xz  T_0.2, 8;
    %load/vec4 v000002b06b3b5020_0;
    %assign/vec4 v000002b06b3b4e40_0, 0;
    %jmp T_0.3;
T_0.2 ;
    %load/vec4 v000002b06b3b4ee0_0;
    %flag_set/vec4 8;
    %jmp/0xz  T_0.4, 8;
    %load/vec4 v000002b06b3b4e40_0;
    %addi 1, 0, 8;
    %assign/vec4 v000002b06b3b4e40_0, 0;
T_0.4 ;
T_0.3 ;
T_0.1 ;
    %jmp T_0;
    .thread T_0;
    .scope S_000002b06b37bb30;
T_1 ;
    %delay 5000, 0;
    %load/vec4 v000002b06b376550_0;
    %inv;
    %store/vec4 v000002b06b376550_0, 0, 1;
    %jmp T_1;
    .thread T_1;
    .scope S_000002b06b37bb30;
T_2 ;
    %vpi_call 2 10 "$monitor", "Time: %0t | rst_n: %b | en: %b | load: %b | load_val: %d | count: %d | carry_out: %b", $time, v000002b06b411300_0, v000002b06b376690_0, v000002b06b376730_0, v000002b06b411d00_0, v000002b06b3765f0_0, v000002b06b3764b0_0 {0 0 0};
    %pushi/vec4 0, 0, 1;
    %store/vec4 v000002b06b376550_0, 0, 1;
    %pushi/vec4 0, 0, 1;
    %store/vec4 v000002b06b411300_0, 0, 1;
    %pushi/vec4 0, 0, 1;
    %store/vec4 v000002b06b376690_0, 0, 1;
    %pushi/vec4 0, 0, 1;
    %store/vec4 v000002b06b376730_0, 0, 1;
    %delay 10000, 0;
    %pushi/vec4 1, 0, 1;
    %store/vec4 v000002b06b411300_0, 0, 1;
    %pushi/vec4 1, 0, 1;
    %store/vec4 v000002b06b376730_0, 0, 1;
    %pushi/vec4 5, 0, 8;
    %store/vec4 v000002b06b411d00_0, 0, 8;
    %delay 10000, 0;
    %pushi/vec4 0, 0, 1;
    %store/vec4 v000002b06b376730_0, 0, 1;
    %pushi/vec4 1, 0, 1;
    %store/vec4 v000002b06b376690_0, 0, 1;
    %delay 50000, 0;
    %pushi/vec4 0, 0, 1;
    %store/vec4 v000002b06b376690_0, 0, 1;
    %delay 20000, 0;
    %pushi/vec4 0, 0, 1;
    %store/vec4 v000002b06b411300_0, 0, 1;
    %delay 10000, 0;
    %pushi/vec4 1, 0, 1;
    %store/vec4 v000002b06b411300_0, 0, 1;
    %vpi_call 2 20 "$finish" {0 0 0};
    %end;
    .thread T_2;
# The file index is used to find the file name in the following table.
:file_names 4;
    "N/A";
    "<interactive>";
    "binary_counter_tb.v";
    "binary_counter_db.v";
