#! /c/Source/iverilog-install/bin/vvp
:ivl_version "12.0 (devel)" "(s20150603-1539-g2693dd32b)";
:ivl_delay_selection "TYPICAL";
:vpi_time_precision - 12;
:vpi_module "C:\iverilog\lib\ivl\system.vpi";
:vpi_module "C:\iverilog\lib\ivl\vhdl_sys.vpi";
:vpi_module "C:\iverilog\lib\ivl\vhdl_textio.vpi";
:vpi_module "C:\iverilog\lib\ivl\v2005_math.vpi";
:vpi_module "C:\iverilog\lib\ivl\va_math.vpi";
S_00000160cbfe6370 .scope module, "tb_gray_counter" "tb_gray_counter" 2 2;
 .timescale -9 -12;
v00000160cbfd4ad0_0 .var "clk", 0 0;
v00000160cbfd4b70_0 .var "en", 0 0;
v00000160cbfd4c10_0 .net "gray", 2 0, v00000160cbf9bea0_0;  1 drivers
v00000160cbfd4cb0_0 .var "rst_n", 0 0;
S_00000160cbfe6500 .scope module, "uut" "gray_counter" 2 5, 3 1 0, S_00000160cbfe6370;
 .timescale -9 -12;
    .port_info 0 /INPUT 1 "clk";
    .port_info 1 /INPUT 1 "rst_n";
    .port_info 2 /INPUT 1 "en";
    .port_info 3 /OUTPUT 3 "gray";
v00000160cbf97010_0 .net "clk", 0 0, v00000160cbfd4ad0_0;  1 drivers
v00000160cbf96810_0 .net "en", 0 0, v00000160cbfd4b70_0;  1 drivers
v00000160cbf9bea0_0 .var "gray", 2 0;
v00000160cbfd4a30_0 .net "rst_n", 0 0, v00000160cbfd4cb0_0;  1 drivers
E_00000160cbf99fa0/0 .event negedge, v00000160cbfd4a30_0;
E_00000160cbf99fa0/1 .event posedge, v00000160cbf97010_0;
E_00000160cbf99fa0 .event/or E_00000160cbf99fa0/0, E_00000160cbf99fa0/1;
    .scope S_00000160cbfe6500;
T_0 ;
    %wait E_00000160cbf99fa0;
    %load/vec4 v00000160cbfd4a30_0;
    %nor/r;
    %flag_set/vec4 8;
    %jmp/0xz  T_0.0, 8;
    %pushi/vec4 0, 0, 3;
    %assign/vec4 v00000160cbf9bea0_0, 0;
    %jmp T_0.1;
T_0.0 ;
    %load/vec4 v00000160cbf96810_0;
    %flag_set/vec4 8;
    %jmp/0xz  T_0.2, 8;
    %load/vec4 v00000160cbf9bea0_0;
    %dup/vec4;
    %pushi/vec4 0, 0, 3;
    %cmp/u;
    %jmp/1 T_0.4, 6;
    %dup/vec4;
    %pushi/vec4 1, 0, 3;
    %cmp/u;
    %jmp/1 T_0.5, 6;
    %dup/vec4;
    %pushi/vec4 3, 0, 3;
    %cmp/u;
    %jmp/1 T_0.6, 6;
    %dup/vec4;
    %pushi/vec4 2, 0, 3;
    %cmp/u;
    %jmp/1 T_0.7, 6;
    %dup/vec4;
    %pushi/vec4 6, 0, 3;
    %cmp/u;
    %jmp/1 T_0.8, 6;
    %dup/vec4;
    %pushi/vec4 7, 0, 3;
    %cmp/u;
    %jmp/1 T_0.9, 6;
    %dup/vec4;
    %pushi/vec4 5, 0, 3;
    %cmp/u;
    %jmp/1 T_0.10, 6;
    %dup/vec4;
    %pushi/vec4 4, 0, 3;
    %cmp/u;
    %jmp/1 T_0.11, 6;
    %jmp T_0.12;
T_0.4 ;
    %pushi/vec4 1, 0, 3;
    %assign/vec4 v00000160cbf9bea0_0, 0;
    %jmp T_0.12;
T_0.5 ;
    %pushi/vec4 3, 0, 3;
    %assign/vec4 v00000160cbf9bea0_0, 0;
    %jmp T_0.12;
T_0.6 ;
    %pushi/vec4 2, 0, 3;
    %assign/vec4 v00000160cbf9bea0_0, 0;
    %jmp T_0.12;
T_0.7 ;
    %pushi/vec4 6, 0, 3;
    %assign/vec4 v00000160cbf9bea0_0, 0;
    %jmp T_0.12;
T_0.8 ;
    %pushi/vec4 7, 0, 3;
    %assign/vec4 v00000160cbf9bea0_0, 0;
    %jmp T_0.12;
T_0.9 ;
    %pushi/vec4 5, 0, 3;
    %assign/vec4 v00000160cbf9bea0_0, 0;
    %jmp T_0.12;
T_0.10 ;
    %pushi/vec4 4, 0, 3;
    %assign/vec4 v00000160cbf9bea0_0, 0;
    %jmp T_0.12;
T_0.11 ;
    %pushi/vec4 0, 0, 3;
    %assign/vec4 v00000160cbf9bea0_0, 0;
    %jmp T_0.12;
T_0.12 ;
    %pop/vec4 1;
T_0.2 ;
T_0.1 ;
    %jmp T_0;
    .thread T_0;
    .scope S_00000160cbfe6370;
T_1 ;
    %delay 5000, 0;
    %load/vec4 v00000160cbfd4ad0_0;
    %inv;
    %store/vec4 v00000160cbfd4ad0_0, 0, 1;
    %jmp T_1;
    .thread T_1;
    .scope S_00000160cbfe6370;
T_2 ;
    %vpi_call 2 8 "$monitor", "Time: %0t | rst_n: %b | en: %b | gray: %b", $time, v00000160cbfd4cb0_0, v00000160cbfd4b70_0, v00000160cbfd4c10_0 {0 0 0};
    %pushi/vec4 0, 0, 1;
    %store/vec4 v00000160cbfd4ad0_0, 0, 1;
    %pushi/vec4 0, 0, 1;
    %store/vec4 v00000160cbfd4cb0_0, 0, 1;
    %pushi/vec4 0, 0, 1;
    %store/vec4 v00000160cbfd4b70_0, 0, 1;
    %delay 10000, 0;
    %pushi/vec4 1, 0, 1;
    %store/vec4 v00000160cbfd4cb0_0, 0, 1;
    %pushi/vec4 1, 0, 1;
    %store/vec4 v00000160cbfd4b70_0, 0, 1;
    %delay 80000, 0;
    %vpi_call 2 13 "$finish" {0 0 0};
    %end;
    .thread T_2;
# The file index is used to find the file name in the following table.
:file_names 4;
    "N/A";
    "<interactive>";
    "gray_counter_tb.v";
    "gray_counter_db.v";
