#! /c/Source/iverilog-install/bin/vvp
:ivl_version "12.0 (devel)" "(s20150603-1539-g2693dd32b)";
:ivl_delay_selection "TYPICAL";
:vpi_time_precision - 12;
:vpi_module "C:\iverilog\lib\ivl\system.vpi";
:vpi_module "C:\iverilog\lib\ivl\vhdl_sys.vpi";
:vpi_module "C:\iverilog\lib\ivl\vhdl_textio.vpi";
:vpi_module "C:\iverilog\lib\ivl\v2005_math.vpi";
:vpi_module "C:\iverilog\lib\ivl\va_math.vpi";
S_0000020c15b76650 .scope module, "tb_dual_port_ram" "tb_dual_port_ram" 2 2;
 .timescale -9 -12;
v0000020c15bd6e20_0 .var "addr_a", 7 0;
v0000020c15bd6ec0_0 .var "addr_b", 7 0;
v0000020c15bd6f60_0 .var "clk", 0 0;
v0000020c15bd7eb0_0 .var "data_in_a", 7 0;
v0000020c15bd7d70_0 .var "data_in_b", 7 0;
v0000020c15bd7050_0 .net "data_out_a", 7 0, v0000020c15b84360_0;  1 drivers
v0000020c15bd7410_0 .net "data_out_b", 7 0, v0000020c15b84400_0;  1 drivers
v0000020c15bd75f0_0 .var "re_a", 0 0;
v0000020c15bd7370_0 .var "re_b", 0 0;
v0000020c15bd77d0_0 .var "we_a", 0 0;
v0000020c15bd7550_0 .var "we_b", 0 0;
S_0000020c15b89280 .scope module, "uut" "dual_port_ram" 2 10, 3 1 0, S_0000020c15b76650;
 .timescale -9 -12;
    .port_info 0 /INPUT 1 "clk";
    .port_info 1 /INPUT 1 "we_a";
    .port_info 2 /INPUT 1 "re_a";
    .port_info 3 /INPUT 8 "addr_a";
    .port_info 4 /INPUT 8 "data_in_a";
    .port_info 5 /OUTPUT 8 "data_out_a";
    .port_info 6 /INPUT 1 "we_b";
    .port_info 7 /INPUT 1 "re_b";
    .port_info 8 /INPUT 8 "addr_b";
    .port_info 9 /INPUT 8 "data_in_b";
    .port_info 10 /OUTPUT 8 "data_out_b";
v0000020c15b89410_0 .net "addr_a", 7 0, v0000020c15bd6e20_0;  1 drivers
v0000020c15b36800_0 .net "addr_b", 7 0, v0000020c15bd6ec0_0;  1 drivers
v0000020c15b894b0_0 .net "clk", 0 0, v0000020c15bd6f60_0;  1 drivers
v0000020c15b89550_0 .net "data_in_a", 7 0, v0000020c15bd7eb0_0;  1 drivers
v0000020c15b895f0_0 .net "data_in_b", 7 0, v0000020c15bd7d70_0;  1 drivers
v0000020c15b84360_0 .var "data_out_a", 7 0;
v0000020c15b84400_0 .var "data_out_b", 7 0;
v0000020c15b844a0 .array "memory", 0 255, 7 0;
v0000020c15b84540_0 .net "re_a", 0 0, v0000020c15bd75f0_0;  1 drivers
v0000020c15bd6c40_0 .net "re_b", 0 0, v0000020c15bd7370_0;  1 drivers
v0000020c15bd6ce0_0 .net "we_a", 0 0, v0000020c15bd77d0_0;  1 drivers
v0000020c15bd6d80_0 .net "we_b", 0 0, v0000020c15bd7550_0;  1 drivers
E_0000020c15b8cad0 .event posedge, v0000020c15b894b0_0;
    .scope S_0000020c15b89280;
T_0 ;
    %wait E_0000020c15b8cad0;
    %load/vec4 v0000020c15bd6ce0_0;
    %flag_set/vec4 8;
    %jmp/0xz  T_0.0, 8;
    %load/vec4 v0000020c15b89550_0;
    %load/vec4 v0000020c15b89410_0;
    %pad/u 10;
    %ix/vec4 3;
    %ix/load 4, 0, 0; Constant delay
    %assign/vec4/a/d v0000020c15b844a0, 0, 4;
T_0.0 ;
    %load/vec4 v0000020c15b84540_0;
    %flag_set/vec4 8;
    %jmp/0xz  T_0.2, 8;
    %load/vec4 v0000020c15b89410_0;
    %pad/u 10;
    %ix/vec4 4;
    %load/vec4a v0000020c15b844a0, 4;
    %assign/vec4 v0000020c15b84360_0, 0;
T_0.2 ;
    %load/vec4 v0000020c15bd6d80_0;
    %flag_set/vec4 8;
    %jmp/0xz  T_0.4, 8;
    %load/vec4 v0000020c15b895f0_0;
    %load/vec4 v0000020c15b36800_0;
    %pad/u 10;
    %ix/vec4 3;
    %ix/load 4, 0, 0; Constant delay
    %assign/vec4/a/d v0000020c15b844a0, 0, 4;
T_0.4 ;
    %load/vec4 v0000020c15bd6c40_0;
    %flag_set/vec4 8;
    %jmp/0xz  T_0.6, 8;
    %load/vec4 v0000020c15b36800_0;
    %pad/u 10;
    %ix/vec4 4;
    %load/vec4a v0000020c15b844a0, 4;
    %assign/vec4 v0000020c15b84400_0, 0;
T_0.6 ;
    %jmp T_0;
    .thread T_0;
    .scope S_0000020c15b76650;
T_1 ;
    %delay 5000, 0;
    %load/vec4 v0000020c15bd6f60_0;
    %inv;
    %store/vec4 v0000020c15bd6f60_0, 0, 1;
    %jmp T_1;
    .thread T_1;
    .scope S_0000020c15b76650;
T_2 ;
    %vpi_call 2 13 "$monitor", "Time: %0t | WE_A: %b | RE_A: %b | ADDR_A: %h | DATA_IN_A: %h | DATA_OUT_A: %h | WE_B: %b | RE_B: %b | ADDR_B: %h | DATA_IN_B: %h | DATA_OUT_B: %h", $time, v0000020c15bd77d0_0, v0000020c15bd75f0_0, v0000020c15bd6e20_0, v0000020c15bd7eb0_0, v0000020c15bd7050_0, v0000020c15bd7550_0, v0000020c15bd7370_0, v0000020c15bd6ec0_0, v0000020c15bd7d70_0, v0000020c15bd7410_0 {0 0 0};
    %pushi/vec4 0, 0, 1;
    %store/vec4 v0000020c15bd6f60_0, 0, 1;
    %pushi/vec4 0, 0, 1;
    %store/vec4 v0000020c15bd77d0_0, 0, 1;
    %pushi/vec4 0, 0, 1;
    %store/vec4 v0000020c15bd75f0_0, 0, 1;
    %pushi/vec4 0, 0, 1;
    %store/vec4 v0000020c15bd7550_0, 0, 1;
    %pushi/vec4 0, 0, 1;
    %store/vec4 v0000020c15bd7370_0, 0, 1;
    %pushi/vec4 10, 0, 8;
    %store/vec4 v0000020c15bd6e20_0, 0, 8;
    %pushi/vec4 170, 0, 8;
    %store/vec4 v0000020c15bd7eb0_0, 0, 8;
    %pushi/vec4 1, 0, 1;
    %store/vec4 v0000020c15bd77d0_0, 0, 1;
    %delay 10000, 0;
    %pushi/vec4 0, 0, 1;
    %store/vec4 v0000020c15bd77d0_0, 0, 1;
    %pushi/vec4 20, 0, 8;
    %store/vec4 v0000020c15bd6ec0_0, 0, 8;
    %pushi/vec4 85, 0, 8;
    %store/vec4 v0000020c15bd7d70_0, 0, 8;
    %pushi/vec4 1, 0, 1;
    %store/vec4 v0000020c15bd7550_0, 0, 1;
    %delay 10000, 0;
    %pushi/vec4 0, 0, 1;
    %store/vec4 v0000020c15bd7550_0, 0, 1;
    %pushi/vec4 10, 0, 8;
    %store/vec4 v0000020c15bd6e20_0, 0, 8;
    %pushi/vec4 1, 0, 1;
    %store/vec4 v0000020c15bd75f0_0, 0, 1;
    %pushi/vec4 20, 0, 8;
    %store/vec4 v0000020c15bd6ec0_0, 0, 8;
    %pushi/vec4 1, 0, 1;
    %store/vec4 v0000020c15bd7370_0, 0, 1;
    %delay 10000, 0;
    %vpi_call 2 31 "$display", "Port A read: %h", v0000020c15bd7050_0 {0 0 0};
    %vpi_call 2 32 "$display", "Port B read: %h", v0000020c15bd7410_0 {0 0 0};
    %vpi_call 2 33 "$finish" {0 0 0};
    %end;
    .thread T_2;
# The file index is used to find the file name in the following table.
:file_names 4;
    "N/A";
    "<interactive>";
    "dual_port_ram_tb.v";
    "dual_port_ram_db.v";
