#! /c/Source/iverilog-install/bin/vvp
:ivl_version "12.0 (devel)" "(s20150603-1539-g2693dd32b)";
:ivl_delay_selection "TYPICAL";
:vpi_time_precision - 12;
:vpi_module "C:\iverilog\lib\ivl\system.vpi";
:vpi_module "C:\iverilog\lib\ivl\vhdl_sys.vpi";
:vpi_module "C:\iverilog\lib\ivl\vhdl_textio.vpi";
:vpi_module "C:\iverilog\lib\ivl\v2005_math.vpi";
:vpi_module "C:\iverilog\lib\ivl\va_math.vpi";
S_00000244415acfa0 .scope module, "tb_sram" "tb_sram" 2 2;
 .timescale -9 -12;
v00000244415abd90_0 .var "addr", 7 0;
v00000244415abe30_0 .var "clk", 0 0;
v00000244415aa620_0 .var "data_in", 7 0;
v00000244415aa6c0_0 .net "data_out", 7 0, v00000244415ad360_0;  1 drivers
v00000244415aa760_0 .var "re", 0 0;
v00000244415aa800_0 .var "we", 0 0;
S_00000244415ad130 .scope module, "uut" "sram_model" 2 6, 3 1 0, S_00000244415acfa0;
 .timescale -9 -12;
    .port_info 0 /INPUT 1 "clk";
    .port_info 1 /INPUT 1 "we";
    .port_info 2 /INPUT 1 "re";
    .port_info 3 /INPUT 8 "addr";
    .port_info 4 /INPUT 8 "data_in";
    .port_info 5 /OUTPUT 8 "data_out";
v00000244415aa3d0_0 .net "addr", 7 0, v00000244415abd90_0;  1 drivers
v00000244415a6800_0 .net "clk", 0 0, v00000244415abe30_0;  1 drivers
v00000244415ad2c0_0 .net "data_in", 7 0, v00000244415aa620_0;  1 drivers
v00000244415ad360_0 .var "data_out", 7 0;
v00000244415abbb0 .array "memory", 0 255, 7 0;
v00000244415abc50_0 .net "re", 0 0, v00000244415aa760_0;  1 drivers
v00000244415abcf0_0 .net "we", 0 0, v00000244415aa800_0;  1 drivers
E_00000244415f7de0 .event posedge, v00000244415a6800_0;
    .scope S_00000244415ad130;
T_0 ;
    %wait E_00000244415f7de0;
    %load/vec4 v00000244415abcf0_0;
    %flag_set/vec4 8;
    %jmp/0xz  T_0.0, 8;
    %load/vec4 v00000244415ad2c0_0;
    %load/vec4 v00000244415aa3d0_0;
    %pad/u 10;
    %ix/vec4 3;
    %ix/load 4, 0, 0; Constant delay
    %assign/vec4/a/d v00000244415abbb0, 0, 4;
T_0.0 ;
    %load/vec4 v00000244415abc50_0;
    %flag_set/vec4 8;
    %jmp/0xz  T_0.2, 8;
    %load/vec4 v00000244415aa3d0_0;
    %pad/u 10;
    %ix/vec4 4;
    %load/vec4a v00000244415abbb0, 4;
    %assign/vec4 v00000244415ad360_0, 0;
T_0.2 ;
    %jmp T_0;
    .thread T_0;
    .scope S_00000244415acfa0;
T_1 ;
    %delay 5000, 0;
    %load/vec4 v00000244415abe30_0;
    %inv;
    %store/vec4 v00000244415abe30_0, 0, 1;
    %jmp T_1;
    .thread T_1;
    .scope S_00000244415acfa0;
T_2 ;
    %vpi_call 2 9 "$monitor", "Time: %0t | WE: %b | RE: %b | ADDR: %h | DATA_IN: %h | DATA_OUT: %h", $time, v00000244415aa800_0, v00000244415aa760_0, v00000244415abd90_0, v00000244415aa620_0, v00000244415aa6c0_0 {0 0 0};
    %pushi/vec4 0, 0, 1;
    %store/vec4 v00000244415abe30_0, 0, 1;
    %pushi/vec4 0, 0, 1;
    %store/vec4 v00000244415aa800_0, 0, 1;
    %pushi/vec4 0, 0, 1;
    %store/vec4 v00000244415aa760_0, 0, 1;
    %pushi/vec4 5, 0, 8;
    %store/vec4 v00000244415abd90_0, 0, 8;
    %pushi/vec4 170, 0, 8;
    %store/vec4 v00000244415aa620_0, 0, 8;
    %pushi/vec4 1, 0, 1;
    %store/vec4 v00000244415aa800_0, 0, 1;
    %delay 10000, 0;
    %pushi/vec4 0, 0, 1;
    %store/vec4 v00000244415aa800_0, 0, 1;
    %pushi/vec4 1, 0, 1;
    %store/vec4 v00000244415aa760_0, 0, 1;
    %delay 10000, 0;
    %vpi_call 2 18 "$display", "Read data: %h", v00000244415aa6c0_0 {0 0 0};
    %vpi_call 2 19 "$finish" {0 0 0};
    %end;
    .thread T_2;
# The file index is used to find the file name in the following table.
:file_names 4;
    "N/A";
    "<interactive>";
    "sram_simple_tb.v";
    "sram_simple_db.v";
