#! /c/Source/iverilog-install/bin/vvp
:ivl_version "12.0 (devel)" "(s20150603-1539-g2693dd32b)";
:ivl_delay_selection "TYPICAL";
:vpi_time_precision - 12;
:vpi_module "C:\iverilog\lib\ivl\system.vpi";
:vpi_module "C:\iverilog\lib\ivl\vhdl_sys.vpi";
:vpi_module "C:\iverilog\lib\ivl\vhdl_textio.vpi";
:vpi_module "C:\iverilog\lib\ivl\v2005_math.vpi";
:vpi_module "C:\iverilog\lib\ivl\va_math.vpi";
S_00000276af0ede20 .scope module, "tb_simple_alu" "tb_simple_alu" 2 2;
 .timescale -9 -12;
v00000276aefa2860_0 .var "a", 7 0;
v00000276aefa2900_0 .var "b", 7 0;
v00000276aefa29a0_0 .net "carry", 0 0, v00000276af0ebc00_0;  1 drivers
v00000276aefa2a40_0 .var "opcode", 2 0;
v00000276aefa2d10_0 .net "overflow", 0 0, v00000276af0ebd40_0;  1 drivers
v00000276aefa2f90_0 .net "result", 7 0, v00000276aefa2720_0;  1 drivers
v00000276aefa37b0_0 .net "zero", 0 0, L_00000276aefa3850;  1 drivers
S_00000276af0edfb0 .scope module, "uut" "simple_alu" 2 7, 3 1 0, S_00000276af0ede20;
 .timescale -9 -12;
    .port_info 0 /INPUT 8 "a";
    .port_info 1 /INPUT 8 "b";
    .port_info 2 /INPUT 3 "opcode";
    .port_info 3 /OUTPUT 8 "result";
    .port_info 4 /OUTPUT 1 "carry";
    .port_info 5 /OUTPUT 1 "overflow";
    .port_info 6 /OUTPUT 1 "zero";
v00000276af0e64f0_0 .net *"_ivl_0", 31 0, L_00000276aefa35d0;  1 drivers
L_00000276aeff8048 .functor BUFT 1, C4<000000000000000000000000>, C4<0>, C4<0>, C4<0>;
v00000276af0eb980_0 .net *"_ivl_3", 23 0, L_00000276aeff8048;  1 drivers
L_00000276aeff8090 .functor BUFT 1, C4<00000000000000000000000000000000>, C4<0>, C4<0>, C4<0>;
v00000276af0eba20_0 .net/2u *"_ivl_4", 31 0, L_00000276aeff8090;  1 drivers
v00000276af0ebac0_0 .net "a", 7 0, v00000276aefa2860_0;  1 drivers
v00000276af0ebb60_0 .net "b", 7 0, v00000276aefa2900_0;  1 drivers
v00000276af0ebc00_0 .var "carry", 0 0;
v00000276af0ebca0_0 .net "opcode", 2 0, v00000276aefa2a40_0;  1 drivers
v00000276af0ebd40_0 .var "overflow", 0 0;
v00000276aefa2720_0 .var "result", 7 0;
v00000276aefa27c0_0 .net "zero", 0 0, L_00000276aefa3850;  alias, 1 drivers
E_00000276aef94e40 .event anyedge, v00000276af0ebca0_0, v00000276af0ebac0_0, v00000276af0ebb60_0, v00000276aefa2720_0;
L_00000276aefa35d0 .concat [ 8 24 0 0], v00000276aefa2720_0, L_00000276aeff8048;
L_00000276aefa3850 .cmp/eq 32, L_00000276aefa35d0, L_00000276aeff8090;
    .scope S_00000276af0edfb0;
T_0 ;
    %wait E_00000276aef94e40;
    %pushi/vec4 0, 0, 1;
    %store/vec4 v00000276af0ebc00_0, 0, 1;
    %pushi/vec4 0, 0, 1;
    %store/vec4 v00000276af0ebd40_0, 0, 1;
    %load/vec4 v00000276af0ebca0_0;
    %dup/vec4;
    %pushi/vec4 0, 0, 3;
    %cmp/u;
    %jmp/1 T_0.0, 6;
    %dup/vec4;
    %pushi/vec4 1, 0, 3;
    %cmp/u;
    %jmp/1 T_0.1, 6;
    %dup/vec4;
    %pushi/vec4 2, 0, 3;
    %cmp/u;
    %jmp/1 T_0.2, 6;
    %dup/vec4;
    %pushi/vec4 3, 0, 3;
    %cmp/u;
    %jmp/1 T_0.3, 6;
    %dup/vec4;
    %pushi/vec4 4, 0, 3;
    %cmp/u;
    %jmp/1 T_0.4, 6;
    %dup/vec4;
    %pushi/vec4 5, 0, 3;
    %cmp/u;
    %jmp/1 T_0.5, 6;
    %dup/vec4;
    %pushi/vec4 6, 0, 3;
    %cmp/u;
    %jmp/1 T_0.6, 6;
    %pushi/vec4 0, 0, 8;
    %store/vec4 v00000276aefa2720_0, 0, 8;
    %jmp T_0.8;
T_0.0 ;
    %load/vec4 v00000276af0ebac0_0;
    %pad/u 9;
    %load/vec4 v00000276af0ebb60_0;
    %pad/u 9;
    %add;
    %split/vec4 8;
    %store/vec4 v00000276aefa2720_0, 0, 8;
    %store/vec4 v00000276af0ebc00_0, 0, 1;
    %load/vec4 v00000276af0ebac0_0;
    %parti/s 1, 7, 4;
    %load/vec4 v00000276af0ebb60_0;
    %parti/s 1, 7, 4;
    %cmp/e;
    %flag_get/vec4 4;
    %jmp/0 T_0.9, 4;
    %load/vec4 v00000276aefa2720_0;
    %parti/s 1, 7, 4;
    %load/vec4 v00000276af0ebac0_0;
    %parti/s 1, 7, 4;
    %cmp/ne;
    %flag_get/vec4 4;
    %and;
T_0.9;
    %store/vec4 v00000276af0ebd40_0, 0, 1;
    %jmp T_0.8;
T_0.1 ;
    %load/vec4 v00000276af0ebac0_0;
    %pad/u 9;
    %load/vec4 v00000276af0ebb60_0;
    %pad/u 9;
    %sub;
    %split/vec4 8;
    %store/vec4 v00000276aefa2720_0, 0, 8;
    %store/vec4 v00000276af0ebc00_0, 0, 1;
    %load/vec4 v00000276af0ebac0_0;
    %parti/s 1, 7, 4;
    %load/vec4 v00000276af0ebb60_0;
    %parti/s 1, 7, 4;
    %cmp/ne;
    %flag_get/vec4 4;
    %jmp/0 T_0.10, 4;
    %load/vec4 v00000276aefa2720_0;
    %parti/s 1, 7, 4;
    %load/vec4 v00000276af0ebac0_0;
    %parti/s 1, 7, 4;
    %cmp/ne;
    %flag_get/vec4 4;
    %and;
T_0.10;
    %store/vec4 v00000276af0ebd40_0, 0, 1;
    %jmp T_0.8;
T_0.2 ;
    %load/vec4 v00000276af0ebac0_0;
    %load/vec4 v00000276af0ebb60_0;
    %and;
    %store/vec4 v00000276aefa2720_0, 0, 8;
    %jmp T_0.8;
T_0.3 ;
    %load/vec4 v00000276af0ebac0_0;
    %load/vec4 v00000276af0ebb60_0;
    %or;
    %store/vec4 v00000276aefa2720_0, 0, 8;
    %jmp T_0.8;
T_0.4 ;
    %load/vec4 v00000276af0ebac0_0;
    %load/vec4 v00000276af0ebb60_0;
    %xor;
    %store/vec4 v00000276aefa2720_0, 0, 8;
    %jmp T_0.8;
T_0.5 ;
    %load/vec4 v00000276af0ebac0_0;
    %ix/load 4, 1, 0;
    %flag_set/imm 4, 0;
    %shiftl 4;
    %store/vec4 v00000276aefa2720_0, 0, 8;
    %jmp T_0.8;
T_0.6 ;
    %load/vec4 v00000276af0ebac0_0;
    %ix/load 4, 1, 0;
    %flag_set/imm 4, 0;
    %shiftr 4;
    %store/vec4 v00000276aefa2720_0, 0, 8;
    %jmp T_0.8;
T_0.8 ;
    %pop/vec4 1;
    %jmp T_0;
    .thread T_0, $push;
    .scope S_00000276af0ede20;
T_1 ;
    %vpi_call 2 9 "$monitor", "a=%d  b=%d  opcode=%b | result=%d  carry=%b  overflow=%b  zero=%b", v00000276aefa2860_0, v00000276aefa2900_0, v00000276aefa2a40_0, v00000276aefa2f90_0, v00000276aefa29a0_0, v00000276aefa2d10_0, v00000276aefa37b0_0 {0 0 0};
    %pushi/vec4 10, 0, 8;
    %store/vec4 v00000276aefa2860_0, 0, 8;
    %pushi/vec4 5, 0, 8;
    %store/vec4 v00000276aefa2900_0, 0, 8;
    %pushi/vec4 0, 0, 3;
    %store/vec4 v00000276aefa2a40_0, 0, 3;
    %delay 10000, 0;
    %pushi/vec4 1, 0, 3;
    %store/vec4 v00000276aefa2a40_0, 0, 3;
    %delay 10000, 0;
    %pushi/vec4 2, 0, 3;
    %store/vec4 v00000276aefa2a40_0, 0, 3;
    %delay 10000, 0;
    %pushi/vec4 3, 0, 3;
    %store/vec4 v00000276aefa2a40_0, 0, 3;
    %delay 10000, 0;
    %pushi/vec4 4, 0, 3;
    %store/vec4 v00000276aefa2a40_0, 0, 3;
    %delay 10000, 0;
    %pushi/vec4 5, 0, 3;
    %store/vec4 v00000276aefa2a40_0, 0, 3;
    %delay 10000, 0;
    %pushi/vec4 6, 0, 3;
    %store/vec4 v00000276aefa2a40_0, 0, 3;
    %delay 10000, 0;
    %pushi/vec4 0, 0, 8;
    %store/vec4 v00000276aefa2860_0, 0, 8;
    %pushi/vec4 0, 0, 8;
    %store/vec4 v00000276aefa2900_0, 0, 8;
    %pushi/vec4 0, 0, 3;
    %store/vec4 v00000276aefa2a40_0, 0, 3;
    %delay 10000, 0;
    %vpi_call 2 19 "$finish" {0 0 0};
    %end;
    .thread T_1;
# The file index is used to find the file name in the following table.
:file_names 4;
    "N/A";
    "<interactive>";
    "alu_tb.v";
    "alu_db.v";
